ARM GAS  C:\Users\z004c8dn\AppData\Local\Temp\cc4BsRZQ.s 			page 1


   1              		.syntax unified
   2              		.cpu cortex-m3
   3              		.fpu softvfp
   4              		.eabi_attribute 20, 1
   5              		.eabi_attribute 21, 1
   6              		.eabi_attribute 23, 3
   7              		.eabi_attribute 24, 1
   8              		.eabi_attribute 25, 1
   9              		.eabi_attribute 26, 1
  10              		.eabi_attribute 30, 1
  11              		.eabi_attribute 34, 1
  12              		.eabi_attribute 18, 4
  13              		.thumb
  14              		.syntax unified
  15              		.file	"isr_rx.c"
  16              		.text
  17              	.Ltext0:
  18              		.cfi_sections	.debug_frame
  19              		.section	.text.isr_rx_Interrupt,"ax",%progbits
  20              		.align	2
  21              		.global	isr_rx_Interrupt
  22              		.thumb
  23              		.thumb_func
  24              		.type	isr_rx_Interrupt, %function
  25              	isr_rx_Interrupt:
  26              	.LFB66:
  27              		.file 1 "Generated_Source\\PSoC5\\isr_rx.c"
   1:Generated_Source\PSoC5/isr_rx.c **** /*******************************************************************************
   2:Generated_Source\PSoC5/isr_rx.c **** * File Name: isr_rx.c  
   3:Generated_Source\PSoC5/isr_rx.c **** * Version 1.70
   4:Generated_Source\PSoC5/isr_rx.c **** *
   5:Generated_Source\PSoC5/isr_rx.c **** *  Description:
   6:Generated_Source\PSoC5/isr_rx.c **** *   API for controlling the state of an interrupt.
   7:Generated_Source\PSoC5/isr_rx.c **** *   EDITED BY:   Andreas BOTH
   8:Generated_Source\PSoC5/isr_rx.c **** *   DATE:        2024-04-14
   9:Generated_Source\PSoC5/isr_rx.c **** *   COURSE ID:   tx00db04
  10:Generated_Source\PSoC5/isr_rx.c **** *   Description: PSoC course excercise 2, 
  11:Generated_Source\PSoC5/isr_rx.c **** *                Position control of a servo motor using PWM and interrupts
  12:Generated_Source\PSoC5/isr_rx.c **** *
  13:Generated_Source\PSoC5/isr_rx.c **** *  Note:
  14:Generated_Source\PSoC5/isr_rx.c **** *
  15:Generated_Source\PSoC5/isr_rx.c **** ********************************************************************************
  16:Generated_Source\PSoC5/isr_rx.c **** * Copyright 2008-2015, Cypress Semiconductor Corporation.  All rights reserved.
  17:Generated_Source\PSoC5/isr_rx.c **** * You may use this file only in accordance with the license, terms, conditions, 
  18:Generated_Source\PSoC5/isr_rx.c **** * disclaimers, and limitations in the end user license agreement accompanying 
  19:Generated_Source\PSoC5/isr_rx.c **** * the software package with which this file was provided.
  20:Generated_Source\PSoC5/isr_rx.c **** *******************************************************************************/
  21:Generated_Source\PSoC5/isr_rx.c **** 
  22:Generated_Source\PSoC5/isr_rx.c **** 
  23:Generated_Source\PSoC5/isr_rx.c **** #include <cydevice_trm.h>
  24:Generated_Source\PSoC5/isr_rx.c **** #include <CyLib.h>
  25:Generated_Source\PSoC5/isr_rx.c **** #include <isr_rx.h>
  26:Generated_Source\PSoC5/isr_rx.c **** #include "cyapicallbacks.h"
  27:Generated_Source\PSoC5/isr_rx.c **** 
  28:Generated_Source\PSoC5/isr_rx.c **** #if !defined(isr_rx__REMOVED) /* Check for removal by optimization */
  29:Generated_Source\PSoC5/isr_rx.c **** 
  30:Generated_Source\PSoC5/isr_rx.c **** /*******************************************************************************
ARM GAS  C:\Users\z004c8dn\AppData\Local\Temp\cc4BsRZQ.s 			page 2


  31:Generated_Source\PSoC5/isr_rx.c **** *  Place your includes, defines and code here 
  32:Generated_Source\PSoC5/isr_rx.c **** ********************************************************************************/
  33:Generated_Source\PSoC5/isr_rx.c **** /* `#START isr_rx_intc` */
  34:Generated_Source\PSoC5/isr_rx.c ****     
  35:Generated_Source\PSoC5/isr_rx.c ****     #include "project.h"
  36:Generated_Source\PSoC5/isr_rx.c ****     enum servoPositions {position1,position2,position3,position4,position5};
  37:Generated_Source\PSoC5/isr_rx.c ****     extern volatile enum servoPositions gPositionCounter;
  38:Generated_Source\PSoC5/isr_rx.c **** /* `#END` */
  39:Generated_Source\PSoC5/isr_rx.c **** 
  40:Generated_Source\PSoC5/isr_rx.c **** #ifndef CYINT_IRQ_BASE
  41:Generated_Source\PSoC5/isr_rx.c **** #define CYINT_IRQ_BASE      16
  42:Generated_Source\PSoC5/isr_rx.c **** #endif /* CYINT_IRQ_BASE */
  43:Generated_Source\PSoC5/isr_rx.c **** #ifndef CYINT_VECT_TABLE
  44:Generated_Source\PSoC5/isr_rx.c **** #define CYINT_VECT_TABLE    ((cyisraddress **) CYREG_NVIC_VECT_OFFSET)
  45:Generated_Source\PSoC5/isr_rx.c **** #endif /* CYINT_VECT_TABLE */
  46:Generated_Source\PSoC5/isr_rx.c **** 
  47:Generated_Source\PSoC5/isr_rx.c **** /* Declared in startup, used to set unused interrupts to. */
  48:Generated_Source\PSoC5/isr_rx.c **** CY_ISR_PROTO(IntDefaultHandler);
  49:Generated_Source\PSoC5/isr_rx.c **** 
  50:Generated_Source\PSoC5/isr_rx.c **** 
  51:Generated_Source\PSoC5/isr_rx.c **** /*******************************************************************************
  52:Generated_Source\PSoC5/isr_rx.c **** * Function Name: isr_rx_Start
  53:Generated_Source\PSoC5/isr_rx.c **** ********************************************************************************
  54:Generated_Source\PSoC5/isr_rx.c **** *
  55:Generated_Source\PSoC5/isr_rx.c **** * Summary:
  56:Generated_Source\PSoC5/isr_rx.c **** *  Set up the interrupt and enable it. This function disables the interrupt, 
  57:Generated_Source\PSoC5/isr_rx.c **** *  sets the default interrupt vector, sets the priority from the value in the
  58:Generated_Source\PSoC5/isr_rx.c **** *  Design Wide Resources Interrupt Editor, then enables the interrupt to the 
  59:Generated_Source\PSoC5/isr_rx.c **** *  interrupt controller.
  60:Generated_Source\PSoC5/isr_rx.c **** *
  61:Generated_Source\PSoC5/isr_rx.c **** * Parameters:  
  62:Generated_Source\PSoC5/isr_rx.c **** *   None
  63:Generated_Source\PSoC5/isr_rx.c **** *
  64:Generated_Source\PSoC5/isr_rx.c **** * Return:
  65:Generated_Source\PSoC5/isr_rx.c **** *   None
  66:Generated_Source\PSoC5/isr_rx.c **** *
  67:Generated_Source\PSoC5/isr_rx.c **** *******************************************************************************/
  68:Generated_Source\PSoC5/isr_rx.c **** void isr_rx_Start(void)
  69:Generated_Source\PSoC5/isr_rx.c **** {
  70:Generated_Source\PSoC5/isr_rx.c ****     /* For all we know the interrupt is active. */
  71:Generated_Source\PSoC5/isr_rx.c ****     isr_rx_Disable();
  72:Generated_Source\PSoC5/isr_rx.c **** 
  73:Generated_Source\PSoC5/isr_rx.c ****     /* Set the ISR to point to the isr_rx Interrupt. */
  74:Generated_Source\PSoC5/isr_rx.c ****     isr_rx_SetVector(&isr_rx_Interrupt);
  75:Generated_Source\PSoC5/isr_rx.c **** 
  76:Generated_Source\PSoC5/isr_rx.c ****     /* Set the priority. */
  77:Generated_Source\PSoC5/isr_rx.c ****     isr_rx_SetPriority((uint8)isr_rx_INTC_PRIOR_NUMBER);
  78:Generated_Source\PSoC5/isr_rx.c **** 
  79:Generated_Source\PSoC5/isr_rx.c ****     /* Enable it. */
  80:Generated_Source\PSoC5/isr_rx.c ****     isr_rx_Enable();
  81:Generated_Source\PSoC5/isr_rx.c **** }
  82:Generated_Source\PSoC5/isr_rx.c **** 
  83:Generated_Source\PSoC5/isr_rx.c **** 
  84:Generated_Source\PSoC5/isr_rx.c **** /*******************************************************************************
  85:Generated_Source\PSoC5/isr_rx.c **** * Function Name: isr_rx_StartEx
  86:Generated_Source\PSoC5/isr_rx.c **** ********************************************************************************
  87:Generated_Source\PSoC5/isr_rx.c **** *
ARM GAS  C:\Users\z004c8dn\AppData\Local\Temp\cc4BsRZQ.s 			page 3


  88:Generated_Source\PSoC5/isr_rx.c **** * Summary:
  89:Generated_Source\PSoC5/isr_rx.c **** *  Sets up the interrupt and enables it. This function disables the interrupt,
  90:Generated_Source\PSoC5/isr_rx.c **** *  sets the interrupt vector based on the address passed in, sets the priority 
  91:Generated_Source\PSoC5/isr_rx.c **** *  from the value in the Design Wide Resources Interrupt Editor, then enables 
  92:Generated_Source\PSoC5/isr_rx.c **** *  the interrupt to the interrupt controller.
  93:Generated_Source\PSoC5/isr_rx.c **** *  
  94:Generated_Source\PSoC5/isr_rx.c **** *  When defining ISR functions, the CY_ISR and CY_ISR_PROTO macros should be 
  95:Generated_Source\PSoC5/isr_rx.c **** *  used to provide consistent definition across compilers:
  96:Generated_Source\PSoC5/isr_rx.c **** *  
  97:Generated_Source\PSoC5/isr_rx.c **** *  Function definition example:
  98:Generated_Source\PSoC5/isr_rx.c **** *   CY_ISR(MyISR)
  99:Generated_Source\PSoC5/isr_rx.c **** *   {
 100:Generated_Source\PSoC5/isr_rx.c **** *   }
 101:Generated_Source\PSoC5/isr_rx.c **** *   Function prototype example:
 102:Generated_Source\PSoC5/isr_rx.c **** *   CY_ISR_PROTO(MyISR);
 103:Generated_Source\PSoC5/isr_rx.c **** *
 104:Generated_Source\PSoC5/isr_rx.c **** * Parameters:  
 105:Generated_Source\PSoC5/isr_rx.c **** *   address: Address of the ISR to set in the interrupt vector table.
 106:Generated_Source\PSoC5/isr_rx.c **** *
 107:Generated_Source\PSoC5/isr_rx.c **** * Return:
 108:Generated_Source\PSoC5/isr_rx.c **** *   None
 109:Generated_Source\PSoC5/isr_rx.c **** *
 110:Generated_Source\PSoC5/isr_rx.c **** *******************************************************************************/
 111:Generated_Source\PSoC5/isr_rx.c **** void isr_rx_StartEx(cyisraddress address)
 112:Generated_Source\PSoC5/isr_rx.c **** {
 113:Generated_Source\PSoC5/isr_rx.c ****     /* For all we know the interrupt is active. */
 114:Generated_Source\PSoC5/isr_rx.c ****     isr_rx_Disable();
 115:Generated_Source\PSoC5/isr_rx.c **** 
 116:Generated_Source\PSoC5/isr_rx.c ****     /* Set the ISR to point to the isr_rx Interrupt. */
 117:Generated_Source\PSoC5/isr_rx.c ****     isr_rx_SetVector(address);
 118:Generated_Source\PSoC5/isr_rx.c **** 
 119:Generated_Source\PSoC5/isr_rx.c ****     /* Set the priority. */
 120:Generated_Source\PSoC5/isr_rx.c ****     isr_rx_SetPriority((uint8)isr_rx_INTC_PRIOR_NUMBER);
 121:Generated_Source\PSoC5/isr_rx.c **** 
 122:Generated_Source\PSoC5/isr_rx.c ****     /* Enable it. */
 123:Generated_Source\PSoC5/isr_rx.c ****     isr_rx_Enable();
 124:Generated_Source\PSoC5/isr_rx.c **** }
 125:Generated_Source\PSoC5/isr_rx.c **** 
 126:Generated_Source\PSoC5/isr_rx.c **** 
 127:Generated_Source\PSoC5/isr_rx.c **** /*******************************************************************************
 128:Generated_Source\PSoC5/isr_rx.c **** * Function Name: isr_rx_Stop
 129:Generated_Source\PSoC5/isr_rx.c **** ********************************************************************************
 130:Generated_Source\PSoC5/isr_rx.c **** *
 131:Generated_Source\PSoC5/isr_rx.c **** * Summary:
 132:Generated_Source\PSoC5/isr_rx.c **** *   Disables and removes the interrupt.
 133:Generated_Source\PSoC5/isr_rx.c **** *
 134:Generated_Source\PSoC5/isr_rx.c **** * Parameters:  
 135:Generated_Source\PSoC5/isr_rx.c **** *   None
 136:Generated_Source\PSoC5/isr_rx.c **** *
 137:Generated_Source\PSoC5/isr_rx.c **** * Return:
 138:Generated_Source\PSoC5/isr_rx.c **** *   None
 139:Generated_Source\PSoC5/isr_rx.c **** *
 140:Generated_Source\PSoC5/isr_rx.c **** *******************************************************************************/
 141:Generated_Source\PSoC5/isr_rx.c **** void isr_rx_Stop(void)
 142:Generated_Source\PSoC5/isr_rx.c **** {
 143:Generated_Source\PSoC5/isr_rx.c ****     /* Disable this interrupt. */
 144:Generated_Source\PSoC5/isr_rx.c ****     isr_rx_Disable();
ARM GAS  C:\Users\z004c8dn\AppData\Local\Temp\cc4BsRZQ.s 			page 4


 145:Generated_Source\PSoC5/isr_rx.c **** 
 146:Generated_Source\PSoC5/isr_rx.c ****     /* Set the ISR to point to the passive one. */
 147:Generated_Source\PSoC5/isr_rx.c ****     isr_rx_SetVector(&IntDefaultHandler);
 148:Generated_Source\PSoC5/isr_rx.c **** }
 149:Generated_Source\PSoC5/isr_rx.c **** 
 150:Generated_Source\PSoC5/isr_rx.c **** 
 151:Generated_Source\PSoC5/isr_rx.c **** /*******************************************************************************
 152:Generated_Source\PSoC5/isr_rx.c **** * Function Name: isr_rx_Interrupt
 153:Generated_Source\PSoC5/isr_rx.c **** ********************************************************************************
 154:Generated_Source\PSoC5/isr_rx.c **** *
 155:Generated_Source\PSoC5/isr_rx.c **** * Summary:
 156:Generated_Source\PSoC5/isr_rx.c **** *   The default Interrupt Service Routine for isr_rx.
 157:Generated_Source\PSoC5/isr_rx.c **** *
 158:Generated_Source\PSoC5/isr_rx.c **** *   Add custom code between the coments to keep the next version of this file
 159:Generated_Source\PSoC5/isr_rx.c **** *   from over writting your code.
 160:Generated_Source\PSoC5/isr_rx.c **** *
 161:Generated_Source\PSoC5/isr_rx.c **** * Parameters:  
 162:Generated_Source\PSoC5/isr_rx.c **** *
 163:Generated_Source\PSoC5/isr_rx.c **** * Return:
 164:Generated_Source\PSoC5/isr_rx.c **** *   None
 165:Generated_Source\PSoC5/isr_rx.c **** *
 166:Generated_Source\PSoC5/isr_rx.c **** *******************************************************************************/
 167:Generated_Source\PSoC5/isr_rx.c **** CY_ISR(isr_rx_Interrupt)
 168:Generated_Source\PSoC5/isr_rx.c **** {
  28              		.loc 1 168 0
  29              		.cfi_startproc
  30              		@ args = 0, pretend = 0, frame = 0
  31              		@ frame_needed = 0, uses_anonymous_args = 0
  32 0000 08B5     		push	{r3, lr}
  33              		.cfi_def_cfa_offset 8
  34              		.cfi_offset 3, -8
  35              		.cfi_offset 14, -4
 169:Generated_Source\PSoC5/isr_rx.c ****     #ifdef isr_rx_INTERRUPT_INTERRUPT_CALLBACK
 170:Generated_Source\PSoC5/isr_rx.c ****         isr_rx_Interrupt_InterruptCallback();
 171:Generated_Source\PSoC5/isr_rx.c ****     #endif /* isr_rx_INTERRUPT_INTERRUPT_CALLBACK */ 
 172:Generated_Source\PSoC5/isr_rx.c **** 
 173:Generated_Source\PSoC5/isr_rx.c ****     /*  Place your Interrupt code here. */
 174:Generated_Source\PSoC5/isr_rx.c ****     /* `#START isr_rx_Interrupt` */
 175:Generated_Source\PSoC5/isr_rx.c ****         CyGlobalIntDisable
  36              		.loc 1 175 0
  37              		.syntax unified
  38              	@ 175 "Generated_Source\PSoC5\isr_rx.c" 1
  39 0002 72B6     		CPSID   i
  40              	@ 0 "" 2
 176:Generated_Source\PSoC5/isr_rx.c ****         //UART_PutCRLF(0);                      //debug functions
 177:Generated_Source\PSoC5/isr_rx.c ****         //UART_PutString("signal received");    //debug functions
 178:Generated_Source\PSoC5/isr_rx.c ****         //UART_PutCRLF(0);                      //debug functions
 179:Generated_Source\PSoC5/isr_rx.c ****         
 180:Generated_Source\PSoC5/isr_rx.c ****         if(gPositionCounter <4)
  41              		.loc 1 180 0
  42              		.thumb
  43              		.syntax unified
  44 0004 084B     		ldr	r3, .L5
  45 0006 1B78     		ldrb	r3, [r3]	@ zero_extendqisi2
  46 0008 DBB2     		uxtb	r3, r3
  47 000a 032B     		cmp	r3, #3
  48 000c 05D8     		bhi	.L2
ARM GAS  C:\Users\z004c8dn\AppData\Local\Temp\cc4BsRZQ.s 			page 5


 181:Generated_Source\PSoC5/isr_rx.c ****         {
 182:Generated_Source\PSoC5/isr_rx.c ****             gPositionCounter+=1;
  49              		.loc 1 182 0
  50 000e 064A     		ldr	r2, .L5
  51 0010 1378     		ldrb	r3, [r2]	@ zero_extendqisi2
  52 0012 0133     		adds	r3, r3, #1
  53 0014 DBB2     		uxtb	r3, r3
  54 0016 1370     		strb	r3, [r2]
  55 0018 02E0     		b	.L3
  56              	.L2:
 183:Generated_Source\PSoC5/isr_rx.c ****         }
 184:Generated_Source\PSoC5/isr_rx.c ****         else
 185:Generated_Source\PSoC5/isr_rx.c ****         {
 186:Generated_Source\PSoC5/isr_rx.c ****             gPositionCounter=0;
  57              		.loc 1 186 0
  58 001a 0022     		movs	r2, #0
  59 001c 024B     		ldr	r3, .L5
  60 001e 1A70     		strb	r2, [r3]
  61              	.L3:
 187:Generated_Source\PSoC5/isr_rx.c ****         }
 188:Generated_Source\PSoC5/isr_rx.c ****         UART_ClearRxBuffer();
  62              		.loc 1 188 0
  63 0020 FFF7FEFF 		bl	UART_ClearRxBuffer
  64              	.LVL0:
 189:Generated_Source\PSoC5/isr_rx.c ****         CyGlobalIntEnable
  65              		.loc 1 189 0
  66              		.syntax unified
  67              	@ 189 "Generated_Source\PSoC5\isr_rx.c" 1
  68 0024 62B6     		CPSIE   i
  69              	@ 0 "" 2
  70              		.thumb
  71              		.syntax unified
  72 0026 08BD     		pop	{r3, pc}
  73              	.L6:
  74              		.align	2
  75              	.L5:
  76 0028 00000000 		.word	gPositionCounter
  77              		.cfi_endproc
  78              	.LFE66:
  79              		.size	isr_rx_Interrupt, .-isr_rx_Interrupt
  80              		.section	.text.isr_rx_SetVector,"ax",%progbits
  81              		.align	2
  82              		.global	isr_rx_SetVector
  83              		.thumb
  84              		.thumb_func
  85              		.type	isr_rx_SetVector, %function
  86              	isr_rx_SetVector:
  87              	.LFB67:
 190:Generated_Source\PSoC5/isr_rx.c ****     /* `#END` */
 191:Generated_Source\PSoC5/isr_rx.c **** }
 192:Generated_Source\PSoC5/isr_rx.c **** 
 193:Generated_Source\PSoC5/isr_rx.c **** 
 194:Generated_Source\PSoC5/isr_rx.c **** /*******************************************************************************
 195:Generated_Source\PSoC5/isr_rx.c **** * Function Name: isr_rx_SetVector
 196:Generated_Source\PSoC5/isr_rx.c **** ********************************************************************************
 197:Generated_Source\PSoC5/isr_rx.c **** *
 198:Generated_Source\PSoC5/isr_rx.c **** * Summary:
ARM GAS  C:\Users\z004c8dn\AppData\Local\Temp\cc4BsRZQ.s 			page 6


 199:Generated_Source\PSoC5/isr_rx.c **** *   Change the ISR vector for the Interrupt. Note calling isr_rx_Start
 200:Generated_Source\PSoC5/isr_rx.c **** *   will override any effect this method would have had. To set the vector 
 201:Generated_Source\PSoC5/isr_rx.c **** *   before the component has been started use isr_rx_StartEx instead.
 202:Generated_Source\PSoC5/isr_rx.c **** * 
 203:Generated_Source\PSoC5/isr_rx.c **** *   When defining ISR functions, the CY_ISR and CY_ISR_PROTO macros should be 
 204:Generated_Source\PSoC5/isr_rx.c **** *   used to provide consistent definition across compilers:
 205:Generated_Source\PSoC5/isr_rx.c **** *
 206:Generated_Source\PSoC5/isr_rx.c **** *   Function definition example:
 207:Generated_Source\PSoC5/isr_rx.c **** *   CY_ISR(MyISR)
 208:Generated_Source\PSoC5/isr_rx.c **** *   {
 209:Generated_Source\PSoC5/isr_rx.c **** *   }
 210:Generated_Source\PSoC5/isr_rx.c **** *
 211:Generated_Source\PSoC5/isr_rx.c **** *   Function prototype example:
 212:Generated_Source\PSoC5/isr_rx.c **** *     CY_ISR_PROTO(MyISR);
 213:Generated_Source\PSoC5/isr_rx.c **** *
 214:Generated_Source\PSoC5/isr_rx.c **** * Parameters:
 215:Generated_Source\PSoC5/isr_rx.c **** *   address: Address of the ISR to set in the interrupt vector table.
 216:Generated_Source\PSoC5/isr_rx.c **** *
 217:Generated_Source\PSoC5/isr_rx.c **** * Return:
 218:Generated_Source\PSoC5/isr_rx.c **** *   None
 219:Generated_Source\PSoC5/isr_rx.c **** *
 220:Generated_Source\PSoC5/isr_rx.c **** *******************************************************************************/
 221:Generated_Source\PSoC5/isr_rx.c **** void isr_rx_SetVector(cyisraddress address)
 222:Generated_Source\PSoC5/isr_rx.c **** {
  88              		.loc 1 222 0
  89              		.cfi_startproc
  90              		@ args = 0, pretend = 0, frame = 0
  91              		@ frame_needed = 0, uses_anonymous_args = 0
  92              		@ link register save eliminated.
  93              	.LVL1:
 223:Generated_Source\PSoC5/isr_rx.c ****     cyisraddress * ramVectorTable;
 224:Generated_Source\PSoC5/isr_rx.c **** 
 225:Generated_Source\PSoC5/isr_rx.c ****     ramVectorTable = (cyisraddress *) *CYINT_VECT_TABLE;
  94              		.loc 1 225 0
  95 0000 014B     		ldr	r3, .L8
  96 0002 1B68     		ldr	r3, [r3]
  97              	.LVL2:
 226:Generated_Source\PSoC5/isr_rx.c **** 
 227:Generated_Source\PSoC5/isr_rx.c ****     ramVectorTable[CYINT_IRQ_BASE + (uint32)isr_rx__INTC_NUMBER] = address;
  98              		.loc 1 227 0
  99 0004 5864     		str	r0, [r3, #68]
 100 0006 7047     		bx	lr
 101              	.L9:
 102              		.align	2
 103              	.L8:
 104 0008 08ED00E0 		.word	-536810232
 105              		.cfi_endproc
 106              	.LFE67:
 107              		.size	isr_rx_SetVector, .-isr_rx_SetVector
 108              		.section	.text.isr_rx_GetVector,"ax",%progbits
 109              		.align	2
 110              		.global	isr_rx_GetVector
 111              		.thumb
 112              		.thumb_func
 113              		.type	isr_rx_GetVector, %function
 114              	isr_rx_GetVector:
 115              	.LFB68:
ARM GAS  C:\Users\z004c8dn\AppData\Local\Temp\cc4BsRZQ.s 			page 7


 228:Generated_Source\PSoC5/isr_rx.c **** }
 229:Generated_Source\PSoC5/isr_rx.c **** 
 230:Generated_Source\PSoC5/isr_rx.c **** 
 231:Generated_Source\PSoC5/isr_rx.c **** /*******************************************************************************
 232:Generated_Source\PSoC5/isr_rx.c **** * Function Name: isr_rx_GetVector
 233:Generated_Source\PSoC5/isr_rx.c **** ********************************************************************************
 234:Generated_Source\PSoC5/isr_rx.c **** *
 235:Generated_Source\PSoC5/isr_rx.c **** * Summary:
 236:Generated_Source\PSoC5/isr_rx.c **** *   Gets the "address" of the current ISR vector for the Interrupt.
 237:Generated_Source\PSoC5/isr_rx.c **** *
 238:Generated_Source\PSoC5/isr_rx.c **** * Parameters:
 239:Generated_Source\PSoC5/isr_rx.c **** *   None
 240:Generated_Source\PSoC5/isr_rx.c **** *
 241:Generated_Source\PSoC5/isr_rx.c **** * Return:
 242:Generated_Source\PSoC5/isr_rx.c **** *   Address of the ISR in the interrupt vector table.
 243:Generated_Source\PSoC5/isr_rx.c **** *
 244:Generated_Source\PSoC5/isr_rx.c **** *******************************************************************************/
 245:Generated_Source\PSoC5/isr_rx.c **** cyisraddress isr_rx_GetVector(void)
 246:Generated_Source\PSoC5/isr_rx.c **** {
 116              		.loc 1 246 0
 117              		.cfi_startproc
 118              		@ args = 0, pretend = 0, frame = 0
 119              		@ frame_needed = 0, uses_anonymous_args = 0
 120              		@ link register save eliminated.
 247:Generated_Source\PSoC5/isr_rx.c ****     cyisraddress * ramVectorTable;
 248:Generated_Source\PSoC5/isr_rx.c **** 
 249:Generated_Source\PSoC5/isr_rx.c ****     ramVectorTable = (cyisraddress *) *CYINT_VECT_TABLE;
 121              		.loc 1 249 0
 122 0000 014B     		ldr	r3, .L11
 123 0002 1B68     		ldr	r3, [r3]
 124              	.LVL3:
 250:Generated_Source\PSoC5/isr_rx.c **** 
 251:Generated_Source\PSoC5/isr_rx.c ****     return ramVectorTable[CYINT_IRQ_BASE + (uint32)isr_rx__INTC_NUMBER];
 252:Generated_Source\PSoC5/isr_rx.c **** }
 125              		.loc 1 252 0
 126 0004 586C     		ldr	r0, [r3, #68]
 127 0006 7047     		bx	lr
 128              	.L12:
 129              		.align	2
 130              	.L11:
 131 0008 08ED00E0 		.word	-536810232
 132              		.cfi_endproc
 133              	.LFE68:
 134              		.size	isr_rx_GetVector, .-isr_rx_GetVector
 135              		.section	.text.isr_rx_SetPriority,"ax",%progbits
 136              		.align	2
 137              		.global	isr_rx_SetPriority
 138              		.thumb
 139              		.thumb_func
 140              		.type	isr_rx_SetPriority, %function
 141              	isr_rx_SetPriority:
 142              	.LFB69:
 253:Generated_Source\PSoC5/isr_rx.c **** 
 254:Generated_Source\PSoC5/isr_rx.c **** 
 255:Generated_Source\PSoC5/isr_rx.c **** /*******************************************************************************
 256:Generated_Source\PSoC5/isr_rx.c **** * Function Name: isr_rx_SetPriority
 257:Generated_Source\PSoC5/isr_rx.c **** ********************************************************************************
ARM GAS  C:\Users\z004c8dn\AppData\Local\Temp\cc4BsRZQ.s 			page 8


 258:Generated_Source\PSoC5/isr_rx.c **** *
 259:Generated_Source\PSoC5/isr_rx.c **** * Summary:
 260:Generated_Source\PSoC5/isr_rx.c **** *   Sets the Priority of the Interrupt. 
 261:Generated_Source\PSoC5/isr_rx.c **** *
 262:Generated_Source\PSoC5/isr_rx.c **** *   Note calling isr_rx_Start or isr_rx_StartEx will 
 263:Generated_Source\PSoC5/isr_rx.c **** *   override any effect this API would have had. This API should only be called
 264:Generated_Source\PSoC5/isr_rx.c **** *   after isr_rx_Start or isr_rx_StartEx has been called. 
 265:Generated_Source\PSoC5/isr_rx.c **** *   To set the initial priority for the component, use the Design-Wide Resources
 266:Generated_Source\PSoC5/isr_rx.c **** *   Interrupt Editor.
 267:Generated_Source\PSoC5/isr_rx.c **** *
 268:Generated_Source\PSoC5/isr_rx.c **** *   Note This API has no effect on Non-maskable interrupt NMI).
 269:Generated_Source\PSoC5/isr_rx.c **** *
 270:Generated_Source\PSoC5/isr_rx.c **** * Parameters:
 271:Generated_Source\PSoC5/isr_rx.c **** *   priority: Priority of the interrupt, 0 being the highest priority
 272:Generated_Source\PSoC5/isr_rx.c **** *             PSoC 3 and PSoC 5LP: Priority is from 0 to 7.
 273:Generated_Source\PSoC5/isr_rx.c **** *             PSoC 4: Priority is from 0 to 3.
 274:Generated_Source\PSoC5/isr_rx.c **** *
 275:Generated_Source\PSoC5/isr_rx.c **** * Return:
 276:Generated_Source\PSoC5/isr_rx.c **** *   None
 277:Generated_Source\PSoC5/isr_rx.c **** *
 278:Generated_Source\PSoC5/isr_rx.c **** *******************************************************************************/
 279:Generated_Source\PSoC5/isr_rx.c **** void isr_rx_SetPriority(uint8 priority)
 280:Generated_Source\PSoC5/isr_rx.c **** {
 143              		.loc 1 280 0
 144              		.cfi_startproc
 145              		@ args = 0, pretend = 0, frame = 0
 146              		@ frame_needed = 0, uses_anonymous_args = 0
 147              		@ link register save eliminated.
 148              	.LVL4:
 281:Generated_Source\PSoC5/isr_rx.c ****     *isr_rx_INTC_PRIOR = priority << 5;
 149              		.loc 1 281 0
 150 0000 4001     		lsls	r0, r0, #5
 151              	.LVL5:
 152 0002 C0B2     		uxtb	r0, r0
 153 0004 014B     		ldr	r3, .L14
 154 0006 1870     		strb	r0, [r3]
 155 0008 7047     		bx	lr
 156              	.L15:
 157 000a 00BF     		.align	2
 158              	.L14:
 159 000c 01E400E0 		.word	-536812543
 160              		.cfi_endproc
 161              	.LFE69:
 162              		.size	isr_rx_SetPriority, .-isr_rx_SetPriority
 163              		.section	.text.isr_rx_GetPriority,"ax",%progbits
 164              		.align	2
 165              		.global	isr_rx_GetPriority
 166              		.thumb
 167              		.thumb_func
 168              		.type	isr_rx_GetPriority, %function
 169              	isr_rx_GetPriority:
 170              	.LFB70:
 282:Generated_Source\PSoC5/isr_rx.c **** }
 283:Generated_Source\PSoC5/isr_rx.c **** 
 284:Generated_Source\PSoC5/isr_rx.c **** 
 285:Generated_Source\PSoC5/isr_rx.c **** /*******************************************************************************
 286:Generated_Source\PSoC5/isr_rx.c **** * Function Name: isr_rx_GetPriority
ARM GAS  C:\Users\z004c8dn\AppData\Local\Temp\cc4BsRZQ.s 			page 9


 287:Generated_Source\PSoC5/isr_rx.c **** ********************************************************************************
 288:Generated_Source\PSoC5/isr_rx.c **** *
 289:Generated_Source\PSoC5/isr_rx.c **** * Summary:
 290:Generated_Source\PSoC5/isr_rx.c **** *   Gets the Priority of the Interrupt.
 291:Generated_Source\PSoC5/isr_rx.c **** *
 292:Generated_Source\PSoC5/isr_rx.c **** * Parameters:
 293:Generated_Source\PSoC5/isr_rx.c **** *   None
 294:Generated_Source\PSoC5/isr_rx.c **** *
 295:Generated_Source\PSoC5/isr_rx.c **** * Return:
 296:Generated_Source\PSoC5/isr_rx.c **** *   Priority of the interrupt, 0 being the highest priority
 297:Generated_Source\PSoC5/isr_rx.c **** *    PSoC 3 and PSoC 5LP: Priority is from 0 to 7.
 298:Generated_Source\PSoC5/isr_rx.c **** *    PSoC 4: Priority is from 0 to 3.
 299:Generated_Source\PSoC5/isr_rx.c **** *
 300:Generated_Source\PSoC5/isr_rx.c **** *******************************************************************************/
 301:Generated_Source\PSoC5/isr_rx.c **** uint8 isr_rx_GetPriority(void)
 302:Generated_Source\PSoC5/isr_rx.c **** {
 171              		.loc 1 302 0
 172              		.cfi_startproc
 173              		@ args = 0, pretend = 0, frame = 0
 174              		@ frame_needed = 0, uses_anonymous_args = 0
 175              		@ link register save eliminated.
 303:Generated_Source\PSoC5/isr_rx.c ****     uint8 priority;
 304:Generated_Source\PSoC5/isr_rx.c **** 
 305:Generated_Source\PSoC5/isr_rx.c **** 
 306:Generated_Source\PSoC5/isr_rx.c ****     priority = *isr_rx_INTC_PRIOR >> 5;
 176              		.loc 1 306 0
 177 0000 014B     		ldr	r3, .L17
 178 0002 1878     		ldrb	r0, [r3]	@ zero_extendqisi2
 179              	.LVL6:
 307:Generated_Source\PSoC5/isr_rx.c **** 
 308:Generated_Source\PSoC5/isr_rx.c ****     return priority;
 309:Generated_Source\PSoC5/isr_rx.c **** }
 180              		.loc 1 309 0
 181 0004 4009     		lsrs	r0, r0, #5
 182              	.LVL7:
 183 0006 7047     		bx	lr
 184              	.L18:
 185              		.align	2
 186              	.L17:
 187 0008 01E400E0 		.word	-536812543
 188              		.cfi_endproc
 189              	.LFE70:
 190              		.size	isr_rx_GetPriority, .-isr_rx_GetPriority
 191              		.section	.text.isr_rx_Enable,"ax",%progbits
 192              		.align	2
 193              		.global	isr_rx_Enable
 194              		.thumb
 195              		.thumb_func
 196              		.type	isr_rx_Enable, %function
 197              	isr_rx_Enable:
 198              	.LFB71:
 310:Generated_Source\PSoC5/isr_rx.c **** 
 311:Generated_Source\PSoC5/isr_rx.c **** 
 312:Generated_Source\PSoC5/isr_rx.c **** /*******************************************************************************
 313:Generated_Source\PSoC5/isr_rx.c **** * Function Name: isr_rx_Enable
 314:Generated_Source\PSoC5/isr_rx.c **** ********************************************************************************
 315:Generated_Source\PSoC5/isr_rx.c **** *
ARM GAS  C:\Users\z004c8dn\AppData\Local\Temp\cc4BsRZQ.s 			page 10


 316:Generated_Source\PSoC5/isr_rx.c **** * Summary:
 317:Generated_Source\PSoC5/isr_rx.c **** *   Enables the interrupt to the interrupt controller. Do not call this function
 318:Generated_Source\PSoC5/isr_rx.c **** *   unless ISR_Start() has been called or the functionality of the ISR_Start() 
 319:Generated_Source\PSoC5/isr_rx.c **** *   function, which sets the vector and the priority, has been called.
 320:Generated_Source\PSoC5/isr_rx.c **** *
 321:Generated_Source\PSoC5/isr_rx.c **** * Parameters:
 322:Generated_Source\PSoC5/isr_rx.c **** *   None
 323:Generated_Source\PSoC5/isr_rx.c **** *
 324:Generated_Source\PSoC5/isr_rx.c **** * Return:
 325:Generated_Source\PSoC5/isr_rx.c **** *   None
 326:Generated_Source\PSoC5/isr_rx.c **** *
 327:Generated_Source\PSoC5/isr_rx.c **** *******************************************************************************/
 328:Generated_Source\PSoC5/isr_rx.c **** void isr_rx_Enable(void)
 329:Generated_Source\PSoC5/isr_rx.c **** {
 199              		.loc 1 329 0
 200              		.cfi_startproc
 201              		@ args = 0, pretend = 0, frame = 0
 202              		@ frame_needed = 0, uses_anonymous_args = 0
 203              		@ link register save eliminated.
 330:Generated_Source\PSoC5/isr_rx.c ****     /* Enable the general interrupt. */
 331:Generated_Source\PSoC5/isr_rx.c ****     *isr_rx_INTC_SET_EN = isr_rx__INTC_MASK;
 204              		.loc 1 331 0
 205 0000 0222     		movs	r2, #2
 206 0002 014B     		ldr	r3, .L20
 207 0004 1A60     		str	r2, [r3]
 208 0006 7047     		bx	lr
 209              	.L21:
 210              		.align	2
 211              	.L20:
 212 0008 00E100E0 		.word	-536813312
 213              		.cfi_endproc
 214              	.LFE71:
 215              		.size	isr_rx_Enable, .-isr_rx_Enable
 216              		.section	.text.isr_rx_GetState,"ax",%progbits
 217              		.align	2
 218              		.global	isr_rx_GetState
 219              		.thumb
 220              		.thumb_func
 221              		.type	isr_rx_GetState, %function
 222              	isr_rx_GetState:
 223              	.LFB72:
 332:Generated_Source\PSoC5/isr_rx.c **** }
 333:Generated_Source\PSoC5/isr_rx.c **** 
 334:Generated_Source\PSoC5/isr_rx.c **** 
 335:Generated_Source\PSoC5/isr_rx.c **** /*******************************************************************************
 336:Generated_Source\PSoC5/isr_rx.c **** * Function Name: isr_rx_GetState
 337:Generated_Source\PSoC5/isr_rx.c **** ********************************************************************************
 338:Generated_Source\PSoC5/isr_rx.c **** *
 339:Generated_Source\PSoC5/isr_rx.c **** * Summary:
 340:Generated_Source\PSoC5/isr_rx.c **** *   Gets the state (enabled, disabled) of the Interrupt.
 341:Generated_Source\PSoC5/isr_rx.c **** *
 342:Generated_Source\PSoC5/isr_rx.c **** * Parameters:
 343:Generated_Source\PSoC5/isr_rx.c **** *   None
 344:Generated_Source\PSoC5/isr_rx.c **** *
 345:Generated_Source\PSoC5/isr_rx.c **** * Return:
 346:Generated_Source\PSoC5/isr_rx.c **** *   1 if enabled, 0 if disabled.
 347:Generated_Source\PSoC5/isr_rx.c **** *
ARM GAS  C:\Users\z004c8dn\AppData\Local\Temp\cc4BsRZQ.s 			page 11


 348:Generated_Source\PSoC5/isr_rx.c **** *******************************************************************************/
 349:Generated_Source\PSoC5/isr_rx.c **** uint8 isr_rx_GetState(void)
 350:Generated_Source\PSoC5/isr_rx.c **** {
 224              		.loc 1 350 0
 225              		.cfi_startproc
 226              		@ args = 0, pretend = 0, frame = 0
 227              		@ frame_needed = 0, uses_anonymous_args = 0
 228              		@ link register save eliminated.
 351:Generated_Source\PSoC5/isr_rx.c ****     /* Get the state of the general interrupt. */
 352:Generated_Source\PSoC5/isr_rx.c ****     return ((*isr_rx_INTC_SET_EN & (uint32)isr_rx__INTC_MASK) != 0u) ? 1u:0u;
 229              		.loc 1 352 0
 230 0000 044B     		ldr	r3, .L25
 231 0002 1B68     		ldr	r3, [r3]
 232 0004 13F0020F 		tst	r3, #2
 233 0008 01D0     		beq	.L24
 234 000a 0120     		movs	r0, #1
 235 000c 7047     		bx	lr
 236              	.L24:
 237 000e 0020     		movs	r0, #0
 353:Generated_Source\PSoC5/isr_rx.c **** }
 238              		.loc 1 353 0
 239 0010 7047     		bx	lr
 240              	.L26:
 241 0012 00BF     		.align	2
 242              	.L25:
 243 0014 00E100E0 		.word	-536813312
 244              		.cfi_endproc
 245              	.LFE72:
 246              		.size	isr_rx_GetState, .-isr_rx_GetState
 247              		.section	.text.isr_rx_Disable,"ax",%progbits
 248              		.align	2
 249              		.global	isr_rx_Disable
 250              		.thumb
 251              		.thumb_func
 252              		.type	isr_rx_Disable, %function
 253              	isr_rx_Disable:
 254              	.LFB73:
 354:Generated_Source\PSoC5/isr_rx.c **** 
 355:Generated_Source\PSoC5/isr_rx.c **** 
 356:Generated_Source\PSoC5/isr_rx.c **** /*******************************************************************************
 357:Generated_Source\PSoC5/isr_rx.c **** * Function Name: isr_rx_Disable
 358:Generated_Source\PSoC5/isr_rx.c **** ********************************************************************************
 359:Generated_Source\PSoC5/isr_rx.c **** *
 360:Generated_Source\PSoC5/isr_rx.c **** * Summary:
 361:Generated_Source\PSoC5/isr_rx.c **** *   Disables the Interrupt in the interrupt controller.
 362:Generated_Source\PSoC5/isr_rx.c **** *
 363:Generated_Source\PSoC5/isr_rx.c **** * Parameters:
 364:Generated_Source\PSoC5/isr_rx.c **** *   None
 365:Generated_Source\PSoC5/isr_rx.c **** *
 366:Generated_Source\PSoC5/isr_rx.c **** * Return:
 367:Generated_Source\PSoC5/isr_rx.c **** *   None
 368:Generated_Source\PSoC5/isr_rx.c **** *
 369:Generated_Source\PSoC5/isr_rx.c **** *******************************************************************************/
 370:Generated_Source\PSoC5/isr_rx.c **** void isr_rx_Disable(void)
 371:Generated_Source\PSoC5/isr_rx.c **** {
 255              		.loc 1 371 0
 256              		.cfi_startproc
ARM GAS  C:\Users\z004c8dn\AppData\Local\Temp\cc4BsRZQ.s 			page 12


 257              		@ args = 0, pretend = 0, frame = 0
 258              		@ frame_needed = 0, uses_anonymous_args = 0
 259              		@ link register save eliminated.
 372:Generated_Source\PSoC5/isr_rx.c ****     /* Disable the general interrupt. */
 373:Generated_Source\PSoC5/isr_rx.c ****     *isr_rx_INTC_CLR_EN = isr_rx__INTC_MASK;
 260              		.loc 1 373 0
 261 0000 0222     		movs	r2, #2
 262 0002 014B     		ldr	r3, .L28
 263 0004 1A60     		str	r2, [r3]
 264 0006 7047     		bx	lr
 265              	.L29:
 266              		.align	2
 267              	.L28:
 268 0008 80E100E0 		.word	-536813184
 269              		.cfi_endproc
 270              	.LFE73:
 271              		.size	isr_rx_Disable, .-isr_rx_Disable
 272              		.section	.text.isr_rx_Start,"ax",%progbits
 273              		.align	2
 274              		.global	isr_rx_Start
 275              		.thumb
 276              		.thumb_func
 277              		.type	isr_rx_Start, %function
 278              	isr_rx_Start:
 279              	.LFB63:
  69:Generated_Source\PSoC5/isr_rx.c ****     /* For all we know the interrupt is active. */
 280              		.loc 1 69 0
 281              		.cfi_startproc
 282              		@ args = 0, pretend = 0, frame = 0
 283              		@ frame_needed = 0, uses_anonymous_args = 0
 284 0000 08B5     		push	{r3, lr}
 285              		.cfi_def_cfa_offset 8
 286              		.cfi_offset 3, -8
 287              		.cfi_offset 14, -4
  71:Generated_Source\PSoC5/isr_rx.c **** 
 288              		.loc 1 71 0
 289 0002 FFF7FEFF 		bl	isr_rx_Disable
 290              	.LVL8:
  74:Generated_Source\PSoC5/isr_rx.c **** 
 291              		.loc 1 74 0
 292 0006 0448     		ldr	r0, .L32
 293 0008 FFF7FEFF 		bl	isr_rx_SetVector
 294              	.LVL9:
  77:Generated_Source\PSoC5/isr_rx.c **** 
 295              		.loc 1 77 0
 296 000c 0720     		movs	r0, #7
 297 000e FFF7FEFF 		bl	isr_rx_SetPriority
 298              	.LVL10:
  80:Generated_Source\PSoC5/isr_rx.c **** }
 299              		.loc 1 80 0
 300 0012 FFF7FEFF 		bl	isr_rx_Enable
 301              	.LVL11:
 302 0016 08BD     		pop	{r3, pc}
 303              	.L33:
 304              		.align	2
 305              	.L32:
 306 0018 00000000 		.word	isr_rx_Interrupt
ARM GAS  C:\Users\z004c8dn\AppData\Local\Temp\cc4BsRZQ.s 			page 13


 307              		.cfi_endproc
 308              	.LFE63:
 309              		.size	isr_rx_Start, .-isr_rx_Start
 310              		.section	.text.isr_rx_StartEx,"ax",%progbits
 311              		.align	2
 312              		.global	isr_rx_StartEx
 313              		.thumb
 314              		.thumb_func
 315              		.type	isr_rx_StartEx, %function
 316              	isr_rx_StartEx:
 317              	.LFB64:
 112:Generated_Source\PSoC5/isr_rx.c ****     /* For all we know the interrupt is active. */
 318              		.loc 1 112 0
 319              		.cfi_startproc
 320              		@ args = 0, pretend = 0, frame = 0
 321              		@ frame_needed = 0, uses_anonymous_args = 0
 322              	.LVL12:
 323 0000 10B5     		push	{r4, lr}
 324              		.cfi_def_cfa_offset 8
 325              		.cfi_offset 4, -8
 326              		.cfi_offset 14, -4
 327 0002 0446     		mov	r4, r0
 114:Generated_Source\PSoC5/isr_rx.c **** 
 328              		.loc 1 114 0
 329 0004 FFF7FEFF 		bl	isr_rx_Disable
 330              	.LVL13:
 117:Generated_Source\PSoC5/isr_rx.c **** 
 331              		.loc 1 117 0
 332 0008 2046     		mov	r0, r4
 333 000a FFF7FEFF 		bl	isr_rx_SetVector
 334              	.LVL14:
 120:Generated_Source\PSoC5/isr_rx.c **** 
 335              		.loc 1 120 0
 336 000e 0720     		movs	r0, #7
 337 0010 FFF7FEFF 		bl	isr_rx_SetPriority
 338              	.LVL15:
 123:Generated_Source\PSoC5/isr_rx.c **** }
 339              		.loc 1 123 0
 340 0014 FFF7FEFF 		bl	isr_rx_Enable
 341              	.LVL16:
 342 0018 10BD     		pop	{r4, pc}
 343              		.cfi_endproc
 344              	.LFE64:
 345              		.size	isr_rx_StartEx, .-isr_rx_StartEx
 346 001a 00BF     		.section	.text.isr_rx_Stop,"ax",%progbits
 347              		.align	2
 348              		.global	isr_rx_Stop
 349              		.thumb
 350              		.thumb_func
 351              		.type	isr_rx_Stop, %function
 352              	isr_rx_Stop:
 353              	.LFB65:
 142:Generated_Source\PSoC5/isr_rx.c ****     /* Disable this interrupt. */
 354              		.loc 1 142 0
 355              		.cfi_startproc
 356              		@ args = 0, pretend = 0, frame = 0
 357              		@ frame_needed = 0, uses_anonymous_args = 0
ARM GAS  C:\Users\z004c8dn\AppData\Local\Temp\cc4BsRZQ.s 			page 14


 358 0000 08B5     		push	{r3, lr}
 359              		.cfi_def_cfa_offset 8
 360              		.cfi_offset 3, -8
 361              		.cfi_offset 14, -4
 144:Generated_Source\PSoC5/isr_rx.c **** 
 362              		.loc 1 144 0
 363 0002 FFF7FEFF 		bl	isr_rx_Disable
 364              	.LVL17:
 147:Generated_Source\PSoC5/isr_rx.c **** }
 365              		.loc 1 147 0
 366 0006 0248     		ldr	r0, .L38
 367 0008 FFF7FEFF 		bl	isr_rx_SetVector
 368              	.LVL18:
 369 000c 08BD     		pop	{r3, pc}
 370              	.L39:
 371 000e 00BF     		.align	2
 372              	.L38:
 373 0010 00000000 		.word	IntDefaultHandler
 374              		.cfi_endproc
 375              	.LFE65:
 376              		.size	isr_rx_Stop, .-isr_rx_Stop
 377              		.section	.text.isr_rx_SetPending,"ax",%progbits
 378              		.align	2
 379              		.global	isr_rx_SetPending
 380              		.thumb
 381              		.thumb_func
 382              		.type	isr_rx_SetPending, %function
 383              	isr_rx_SetPending:
 384              	.LFB74:
 374:Generated_Source\PSoC5/isr_rx.c **** }
 375:Generated_Source\PSoC5/isr_rx.c **** 
 376:Generated_Source\PSoC5/isr_rx.c **** 
 377:Generated_Source\PSoC5/isr_rx.c **** /*******************************************************************************
 378:Generated_Source\PSoC5/isr_rx.c **** * Function Name: isr_rx_SetPending
 379:Generated_Source\PSoC5/isr_rx.c **** ********************************************************************************
 380:Generated_Source\PSoC5/isr_rx.c **** *
 381:Generated_Source\PSoC5/isr_rx.c **** * Summary:
 382:Generated_Source\PSoC5/isr_rx.c **** *   Causes the Interrupt to enter the pending state, a software method of
 383:Generated_Source\PSoC5/isr_rx.c **** *   generating the interrupt.
 384:Generated_Source\PSoC5/isr_rx.c **** *
 385:Generated_Source\PSoC5/isr_rx.c **** * Parameters:
 386:Generated_Source\PSoC5/isr_rx.c **** *   None
 387:Generated_Source\PSoC5/isr_rx.c **** *
 388:Generated_Source\PSoC5/isr_rx.c **** * Return:
 389:Generated_Source\PSoC5/isr_rx.c **** *   None
 390:Generated_Source\PSoC5/isr_rx.c **** *
 391:Generated_Source\PSoC5/isr_rx.c **** * Side Effects:
 392:Generated_Source\PSoC5/isr_rx.c **** *   If interrupts are enabled and the interrupt is set up properly, the ISR is
 393:Generated_Source\PSoC5/isr_rx.c **** *   entered (depending on the priority of this interrupt and other pending 
 394:Generated_Source\PSoC5/isr_rx.c **** *   interrupts).
 395:Generated_Source\PSoC5/isr_rx.c **** *
 396:Generated_Source\PSoC5/isr_rx.c **** *******************************************************************************/
 397:Generated_Source\PSoC5/isr_rx.c **** void isr_rx_SetPending(void)
 398:Generated_Source\PSoC5/isr_rx.c **** {
 385              		.loc 1 398 0
 386              		.cfi_startproc
 387              		@ args = 0, pretend = 0, frame = 0
ARM GAS  C:\Users\z004c8dn\AppData\Local\Temp\cc4BsRZQ.s 			page 15


 388              		@ frame_needed = 0, uses_anonymous_args = 0
 389              		@ link register save eliminated.
 399:Generated_Source\PSoC5/isr_rx.c ****     *isr_rx_INTC_SET_PD = isr_rx__INTC_MASK;
 390              		.loc 1 399 0
 391 0000 0222     		movs	r2, #2
 392 0002 014B     		ldr	r3, .L41
 393 0004 1A60     		str	r2, [r3]
 394 0006 7047     		bx	lr
 395              	.L42:
 396              		.align	2
 397              	.L41:
 398 0008 00E200E0 		.word	-536813056
 399              		.cfi_endproc
 400              	.LFE74:
 401              		.size	isr_rx_SetPending, .-isr_rx_SetPending
 402              		.section	.text.isr_rx_ClearPending,"ax",%progbits
 403              		.align	2
 404              		.global	isr_rx_ClearPending
 405              		.thumb
 406              		.thumb_func
 407              		.type	isr_rx_ClearPending, %function
 408              	isr_rx_ClearPending:
 409              	.LFB75:
 400:Generated_Source\PSoC5/isr_rx.c **** }
 401:Generated_Source\PSoC5/isr_rx.c **** 
 402:Generated_Source\PSoC5/isr_rx.c **** 
 403:Generated_Source\PSoC5/isr_rx.c **** /*******************************************************************************
 404:Generated_Source\PSoC5/isr_rx.c **** * Function Name: isr_rx_ClearPending
 405:Generated_Source\PSoC5/isr_rx.c **** ********************************************************************************
 406:Generated_Source\PSoC5/isr_rx.c **** *
 407:Generated_Source\PSoC5/isr_rx.c **** * Summary:
 408:Generated_Source\PSoC5/isr_rx.c **** *   Clears a pending interrupt in the interrupt controller.
 409:Generated_Source\PSoC5/isr_rx.c **** *
 410:Generated_Source\PSoC5/isr_rx.c **** *   Note Some interrupt sources are clear-on-read and require the block 
 411:Generated_Source\PSoC5/isr_rx.c **** *   interrupt/status register to be read/cleared with the appropriate block API 
 412:Generated_Source\PSoC5/isr_rx.c **** *   (GPIO, UART, and so on). Otherwise the ISR will continue to remain in 
 413:Generated_Source\PSoC5/isr_rx.c **** *   pending state even though the interrupt itself is cleared using this API.
 414:Generated_Source\PSoC5/isr_rx.c **** *
 415:Generated_Source\PSoC5/isr_rx.c **** * Parameters:
 416:Generated_Source\PSoC5/isr_rx.c **** *   None
 417:Generated_Source\PSoC5/isr_rx.c **** *
 418:Generated_Source\PSoC5/isr_rx.c **** * Return:
 419:Generated_Source\PSoC5/isr_rx.c **** *   None
 420:Generated_Source\PSoC5/isr_rx.c **** *
 421:Generated_Source\PSoC5/isr_rx.c **** *******************************************************************************/
 422:Generated_Source\PSoC5/isr_rx.c **** void isr_rx_ClearPending(void)
 423:Generated_Source\PSoC5/isr_rx.c **** {
 410              		.loc 1 423 0
 411              		.cfi_startproc
 412              		@ args = 0, pretend = 0, frame = 0
 413              		@ frame_needed = 0, uses_anonymous_args = 0
 414              		@ link register save eliminated.
 424:Generated_Source\PSoC5/isr_rx.c ****     *isr_rx_INTC_CLR_PD = isr_rx__INTC_MASK;
 415              		.loc 1 424 0
 416 0000 0222     		movs	r2, #2
 417 0002 014B     		ldr	r3, .L44
 418 0004 1A60     		str	r2, [r3]
ARM GAS  C:\Users\z004c8dn\AppData\Local\Temp\cc4BsRZQ.s 			page 16


 419 0006 7047     		bx	lr
 420              	.L45:
 421              		.align	2
 422              	.L44:
 423 0008 80E200E0 		.word	-536812928
 424              		.cfi_endproc
 425              	.LFE75:
 426              		.size	isr_rx_ClearPending, .-isr_rx_ClearPending
 427              		.text
 428              	.Letext0:
 429              		.file 2 "c:\\program files (x86)\\cypress\\psoc creator\\4.4\\psoc creator\\import\\gnu\\arm\\5.4.
 430              		.file 3 "c:\\program files (x86)\\cypress\\psoc creator\\4.4\\psoc creator\\import\\gnu\\arm\\5.4.
 431              		.file 4 "Generated_Source\\PSoC5/cytypes.h"
 432              		.file 5 "Generated_Source\\PSoC5/core_cm3.h"
 433              		.file 6 "Generated_Source\\PSoC5\\UART.h"
 434              		.section	.debug_info,"",%progbits
 435              	.Ldebug_info0:
 436 0000 4D030000 		.4byte	0x34d
 437 0004 0400     		.2byte	0x4
 438 0006 00000000 		.4byte	.Ldebug_abbrev0
 439 000a 04       		.byte	0x4
 440 000b 01       		.uleb128 0x1
 441 000c 97000000 		.4byte	.LASF43
 442 0010 0C       		.byte	0xc
 443 0011 80010000 		.4byte	.LASF44
 444 0015 AD020000 		.4byte	.LASF45
 445 0019 00000000 		.4byte	.Ldebug_ranges0+0
 446 001d 00000000 		.4byte	0
 447 0021 00000000 		.4byte	.Ldebug_line0
 448 0025 02       		.uleb128 0x2
 449 0026 04       		.byte	0x4
 450 0027 05       		.byte	0x5
 451 0028 696E7400 		.ascii	"int\000"
 452 002c 03       		.uleb128 0x3
 453 002d 04       		.byte	0x4
 454 002e 07       		.byte	0x7
 455 002f C2010000 		.4byte	.LASF0
 456 0033 03       		.uleb128 0x3
 457 0034 08       		.byte	0x8
 458 0035 05       		.byte	0x5
 459 0036 00000000 		.4byte	.LASF1
 460 003a 03       		.uleb128 0x3
 461 003b 08       		.byte	0x8
 462 003c 04       		.byte	0x4
 463 003d 95020000 		.4byte	.LASF2
 464 0041 03       		.uleb128 0x3
 465 0042 01       		.byte	0x1
 466 0043 06       		.byte	0x6
 467 0044 A1020000 		.4byte	.LASF3
 468 0048 03       		.uleb128 0x3
 469 0049 01       		.byte	0x1
 470 004a 08       		.byte	0x8
 471 004b 89000000 		.4byte	.LASF4
 472 004f 03       		.uleb128 0x3
 473 0050 02       		.byte	0x2
 474 0051 05       		.byte	0x5
 475 0052 6B020000 		.4byte	.LASF5
ARM GAS  C:\Users\z004c8dn\AppData\Local\Temp\cc4BsRZQ.s 			page 17


 476 0056 03       		.uleb128 0x3
 477 0057 02       		.byte	0x2
 478 0058 07       		.byte	0x7
 479 0059 3C010000 		.4byte	.LASF6
 480 005d 04       		.uleb128 0x4
 481 005e 14000000 		.4byte	.LASF12
 482 0062 02       		.byte	0x2
 483 0063 3F       		.byte	0x3f
 484 0064 68000000 		.4byte	0x68
 485 0068 03       		.uleb128 0x3
 486 0069 04       		.byte	0x4
 487 006a 05       		.byte	0x5
 488 006b 8C020000 		.4byte	.LASF7
 489 006f 03       		.uleb128 0x3
 490 0070 04       		.byte	0x4
 491 0071 07       		.byte	0x7
 492 0072 2A010000 		.4byte	.LASF8
 493 0076 03       		.uleb128 0x3
 494 0077 08       		.byte	0x8
 495 0078 07       		.byte	0x7
 496 0079 D7010000 		.4byte	.LASF9
 497 007d 03       		.uleb128 0x3
 498 007e 04       		.byte	0x4
 499 007f 07       		.byte	0x7
 500 0080 2E020000 		.4byte	.LASF10
 501 0084 03       		.uleb128 0x3
 502 0085 01       		.byte	0x1
 503 0086 08       		.byte	0x8
 504 0087 46020000 		.4byte	.LASF11
 505 008b 05       		.uleb128 0x5
 506 008c 04       		.byte	0x4
 507 008d 91000000 		.4byte	0x91
 508 0091 06       		.uleb128 0x6
 509 0092 04       		.uleb128 0x4
 510 0093 1D020000 		.4byte	.LASF13
 511 0097 03       		.byte	0x3
 512 0098 2C       		.byte	0x2c
 513 0099 5D000000 		.4byte	0x5d
 514 009d 07       		.uleb128 0x7
 515 009e 86020000 		.4byte	.LASF14
 516 00a2 04       		.byte	0x4
 517 00a3 E801     		.2byte	0x1e8
 518 00a5 48000000 		.4byte	0x48
 519 00a9 07       		.uleb128 0x7
 520 00aa AC010000 		.4byte	.LASF15
 521 00ae 04       		.byte	0x4
 522 00af EA01     		.2byte	0x1ea
 523 00b1 6F000000 		.4byte	0x6f
 524 00b5 03       		.uleb128 0x3
 525 00b6 04       		.byte	0x4
 526 00b7 04       		.byte	0x4
 527 00b8 75000000 		.4byte	.LASF16
 528 00bc 03       		.uleb128 0x3
 529 00bd 08       		.byte	0x8
 530 00be 04       		.byte	0x4
 531 00bf 79010000 		.4byte	.LASF17
 532 00c3 07       		.uleb128 0x7
ARM GAS  C:\Users\z004c8dn\AppData\Local\Temp\cc4BsRZQ.s 			page 18


 533 00c4 25010000 		.4byte	.LASF18
 534 00c8 04       		.byte	0x4
 535 00c9 9202     		.2byte	0x292
 536 00cb CF000000 		.4byte	0xcf
 537 00cf 08       		.uleb128 0x8
 538 00d0 9D000000 		.4byte	0x9d
 539 00d4 07       		.uleb128 0x7
 540 00d5 0E000000 		.4byte	.LASF19
 541 00d9 04       		.byte	0x4
 542 00da 9402     		.2byte	0x294
 543 00dc E0000000 		.4byte	0xe0
 544 00e0 08       		.uleb128 0x8
 545 00e1 A9000000 		.4byte	0xa9
 546 00e5 07       		.uleb128 0x7
 547 00e6 FE010000 		.4byte	.LASF20
 548 00ea 04       		.byte	0x4
 549 00eb A402     		.2byte	0x2a4
 550 00ed 8B000000 		.4byte	0x8b
 551 00f1 09       		.uleb128 0x9
 552 00f2 55000000 		.4byte	.LASF46
 553 00f6 01       		.byte	0x1
 554 00f7 48000000 		.4byte	0x48
 555 00fb 01       		.byte	0x1
 556 00fc 24       		.byte	0x24
 557 00fd 20010000 		.4byte	0x120
 558 0101 0A       		.uleb128 0xa
 559 0102 21030000 		.4byte	.LASF21
 560 0106 00       		.byte	0
 561 0107 0A       		.uleb128 0xa
 562 0108 2B030000 		.4byte	.LASF22
 563 010c 01       		.byte	0x1
 564 010d 0A       		.uleb128 0xa
 565 010e 35030000 		.4byte	.LASF23
 566 0112 02       		.byte	0x2
 567 0113 0A       		.uleb128 0xa
 568 0114 4F010000 		.4byte	.LASF24
 569 0118 03       		.byte	0x3
 570 0119 0A       		.uleb128 0xa
 571 011a 4C030000 		.4byte	.LASF25
 572 011e 04       		.byte	0x4
 573 011f 00       		.byte	0
 574 0120 0B       		.uleb128 0xb
 575 0121 64000000 		.4byte	.LASF26
 576 0125 01       		.byte	0x1
 577 0126 A7       		.byte	0xa7
 578 0127 00000000 		.4byte	.LFB66
 579 012b 2C000000 		.4byte	.LFE66-.LFB66
 580 012f 01       		.uleb128 0x1
 581 0130 9C       		.byte	0x9c
 582 0131 3F010000 		.4byte	0x13f
 583 0135 0C       		.uleb128 0xc
 584 0136 24000000 		.4byte	.LVL0
 585 013a 45030000 		.4byte	0x345
 586 013e 00       		.byte	0
 587 013f 0B       		.uleb128 0xb
 588 0140 75020000 		.4byte	.LASF27
 589 0144 01       		.byte	0x1
ARM GAS  C:\Users\z004c8dn\AppData\Local\Temp\cc4BsRZQ.s 			page 19


 590 0145 DD       		.byte	0xdd
 591 0146 00000000 		.4byte	.LFB67
 592 014a 0C000000 		.4byte	.LFE67-.LFB67
 593 014e 01       		.uleb128 0x1
 594 014f 9C       		.byte	0x9c
 595 0150 6F010000 		.4byte	0x16f
 596 0154 0D       		.uleb128 0xd
 597 0155 CF010000 		.4byte	.LASF30
 598 0159 01       		.byte	0x1
 599 015a DD       		.byte	0xdd
 600 015b E5000000 		.4byte	0xe5
 601 015f 01       		.uleb128 0x1
 602 0160 50       		.byte	0x50
 603 0161 0E       		.uleb128 0xe
 604 0162 4B020000 		.4byte	.LASF28
 605 0166 01       		.byte	0x1
 606 0167 DF       		.byte	0xdf
 607 0168 6F010000 		.4byte	0x16f
 608 016c 01       		.uleb128 0x1
 609 016d 53       		.byte	0x53
 610 016e 00       		.byte	0
 611 016f 05       		.uleb128 0x5
 612 0170 04       		.byte	0x4
 613 0171 E5000000 		.4byte	0xe5
 614 0175 0F       		.uleb128 0xf
 615 0176 44000000 		.4byte	.LASF32
 616 017a 01       		.byte	0x1
 617 017b F5       		.byte	0xf5
 618 017c E5000000 		.4byte	0xe5
 619 0180 00000000 		.4byte	.LFB68
 620 0184 0C000000 		.4byte	.LFE68-.LFB68
 621 0188 01       		.uleb128 0x1
 622 0189 9C       		.byte	0x9c
 623 018a 9C010000 		.4byte	0x19c
 624 018e 0E       		.uleb128 0xe
 625 018f 4B020000 		.4byte	.LASF28
 626 0193 01       		.byte	0x1
 627 0194 F7       		.byte	0xf7
 628 0195 6F010000 		.4byte	0x16f
 629 0199 01       		.uleb128 0x1
 630 019a 53       		.byte	0x53
 631 019b 00       		.byte	0
 632 019c 10       		.uleb128 0x10
 633 019d 59010000 		.4byte	.LASF29
 634 01a1 01       		.byte	0x1
 635 01a2 1701     		.2byte	0x117
 636 01a4 00000000 		.4byte	.LFB69
 637 01a8 10000000 		.4byte	.LFE69-.LFB69
 638 01ac 01       		.uleb128 0x1
 639 01ad 9C       		.byte	0x9c
 640 01ae C3010000 		.4byte	0x1c3
 641 01b2 11       		.uleb128 0x11
 642 01b3 25020000 		.4byte	.LASF31
 643 01b7 01       		.byte	0x1
 644 01b8 1701     		.2byte	0x117
 645 01ba 9D000000 		.4byte	0x9d
 646 01be 00000000 		.4byte	.LLST0
ARM GAS  C:\Users\z004c8dn\AppData\Local\Temp\cc4BsRZQ.s 			page 20


 647 01c2 00       		.byte	0
 648 01c3 12       		.uleb128 0x12
 649 01c4 1E000000 		.4byte	.LASF33
 650 01c8 01       		.byte	0x1
 651 01c9 2D01     		.2byte	0x12d
 652 01cb 9D000000 		.4byte	0x9d
 653 01cf 00000000 		.4byte	.LFB70
 654 01d3 0C000000 		.4byte	.LFE70-.LFB70
 655 01d7 01       		.uleb128 0x1
 656 01d8 9C       		.byte	0x9c
 657 01d9 EE010000 		.4byte	0x1ee
 658 01dd 13       		.uleb128 0x13
 659 01de 25020000 		.4byte	.LASF31
 660 01e2 01       		.byte	0x1
 661 01e3 2F01     		.2byte	0x12f
 662 01e5 9D000000 		.4byte	0x9d
 663 01e9 21000000 		.4byte	.LLST1
 664 01ed 00       		.byte	0
 665 01ee 14       		.uleb128 0x14
 666 01ef 7B000000 		.4byte	.LASF34
 667 01f3 01       		.byte	0x1
 668 01f4 4801     		.2byte	0x148
 669 01f6 00000000 		.4byte	.LFB71
 670 01fa 0C000000 		.4byte	.LFE71-.LFB71
 671 01fe 01       		.uleb128 0x1
 672 01ff 9C       		.byte	0x9c
 673 0200 15       		.uleb128 0x15
 674 0201 EE010000 		.4byte	.LASF47
 675 0205 01       		.byte	0x1
 676 0206 5D01     		.2byte	0x15d
 677 0208 9D000000 		.4byte	0x9d
 678 020c 00000000 		.4byte	.LFB72
 679 0210 18000000 		.4byte	.LFE72-.LFB72
 680 0214 01       		.uleb128 0x1
 681 0215 9C       		.byte	0x9c
 682 0216 14       		.uleb128 0x14
 683 0217 37020000 		.4byte	.LASF35
 684 021b 01       		.byte	0x1
 685 021c 7201     		.2byte	0x172
 686 021e 00000000 		.4byte	.LFB73
 687 0222 0C000000 		.4byte	.LFE73-.LFB73
 688 0226 01       		.uleb128 0x1
 689 0227 9C       		.byte	0x9c
 690 0228 0B       		.uleb128 0xb
 691 0229 3F030000 		.4byte	.LASF36
 692 022d 01       		.byte	0x1
 693 022e 44       		.byte	0x44
 694 022f 00000000 		.4byte	.LFB63
 695 0233 1C000000 		.4byte	.LFE63-.LFB63
 696 0237 01       		.uleb128 0x1
 697 0238 9C       		.byte	0x9c
 698 0239 7A020000 		.4byte	0x27a
 699 023d 0C       		.uleb128 0xc
 700 023e 06000000 		.4byte	.LVL8
 701 0242 16020000 		.4byte	0x216
 702 0246 16       		.uleb128 0x16
 703 0247 0C000000 		.4byte	.LVL9
ARM GAS  C:\Users\z004c8dn\AppData\Local\Temp\cc4BsRZQ.s 			page 21


 704 024b 3F010000 		.4byte	0x13f
 705 024f 5D020000 		.4byte	0x25d
 706 0253 17       		.uleb128 0x17
 707 0254 01       		.uleb128 0x1
 708 0255 50       		.byte	0x50
 709 0256 05       		.uleb128 0x5
 710 0257 03       		.byte	0x3
 711 0258 00000000 		.4byte	isr_rx_Interrupt
 712 025c 00       		.byte	0
 713 025d 16       		.uleb128 0x16
 714 025e 12000000 		.4byte	.LVL10
 715 0262 9C010000 		.4byte	0x19c
 716 0266 70020000 		.4byte	0x270
 717 026a 17       		.uleb128 0x17
 718 026b 01       		.uleb128 0x1
 719 026c 50       		.byte	0x50
 720 026d 01       		.uleb128 0x1
 721 026e 37       		.byte	0x37
 722 026f 00       		.byte	0
 723 0270 0C       		.uleb128 0xc
 724 0271 16000000 		.4byte	.LVL11
 725 0275 EE010000 		.4byte	0x1ee
 726 0279 00       		.byte	0
 727 027a 0B       		.uleb128 0xb
 728 027b B3010000 		.4byte	.LASF37
 729 027f 01       		.byte	0x1
 730 0280 6F       		.byte	0x6f
 731 0281 00000000 		.4byte	.LFB64
 732 0285 1A000000 		.4byte	.LFE64-.LFB64
 733 0289 01       		.uleb128 0x1
 734 028a 9C       		.byte	0x9c
 735 028b D8020000 		.4byte	0x2d8
 736 028f 18       		.uleb128 0x18
 737 0290 CF010000 		.4byte	.LASF30
 738 0294 01       		.byte	0x1
 739 0295 6F       		.byte	0x6f
 740 0296 E5000000 		.4byte	0xe5
 741 029a 38000000 		.4byte	.LLST2
 742 029e 0C       		.uleb128 0xc
 743 029f 08000000 		.4byte	.LVL13
 744 02a3 16020000 		.4byte	0x216
 745 02a7 16       		.uleb128 0x16
 746 02a8 0E000000 		.4byte	.LVL14
 747 02ac 3F010000 		.4byte	0x13f
 748 02b0 BB020000 		.4byte	0x2bb
 749 02b4 17       		.uleb128 0x17
 750 02b5 01       		.uleb128 0x1
 751 02b6 50       		.byte	0x50
 752 02b7 02       		.uleb128 0x2
 753 02b8 74       		.byte	0x74
 754 02b9 00       		.sleb128 0
 755 02ba 00       		.byte	0
 756 02bb 16       		.uleb128 0x16
 757 02bc 14000000 		.4byte	.LVL15
 758 02c0 9C010000 		.4byte	0x19c
 759 02c4 CE020000 		.4byte	0x2ce
 760 02c8 17       		.uleb128 0x17
ARM GAS  C:\Users\z004c8dn\AppData\Local\Temp\cc4BsRZQ.s 			page 22


 761 02c9 01       		.uleb128 0x1
 762 02ca 50       		.byte	0x50
 763 02cb 01       		.uleb128 0x1
 764 02cc 37       		.byte	0x37
 765 02cd 00       		.byte	0
 766 02ce 0C       		.uleb128 0xc
 767 02cf 18000000 		.4byte	.LVL16
 768 02d3 EE010000 		.4byte	0x1ee
 769 02d7 00       		.byte	0
 770 02d8 0B       		.uleb128 0xb
 771 02d9 A0010000 		.4byte	.LASF38
 772 02dd 01       		.byte	0x1
 773 02de 8D       		.byte	0x8d
 774 02df 00000000 		.4byte	.LFB65
 775 02e3 14000000 		.4byte	.LFE65-.LFB65
 776 02e7 01       		.uleb128 0x1
 777 02e8 9C       		.byte	0x9c
 778 02e9 00030000 		.4byte	0x300
 779 02ed 0C       		.uleb128 0xc
 780 02ee 06000000 		.4byte	.LVL17
 781 02f2 16020000 		.4byte	0x216
 782 02f6 0C       		.uleb128 0xc
 783 02f7 0C000000 		.4byte	.LVL18
 784 02fb 3F010000 		.4byte	0x13f
 785 02ff 00       		.byte	0
 786 0300 14       		.uleb128 0x14
 787 0301 0B020000 		.4byte	.LASF39
 788 0305 01       		.byte	0x1
 789 0306 8D01     		.2byte	0x18d
 790 0308 00000000 		.4byte	.LFB74
 791 030c 0C000000 		.4byte	.LFE74-.LFB74
 792 0310 01       		.uleb128 0x1
 793 0311 9C       		.byte	0x9c
 794 0312 14       		.uleb128 0x14
 795 0313 56030000 		.4byte	.LASF40
 796 0317 01       		.byte	0x1
 797 0318 A601     		.2byte	0x1a6
 798 031a 00000000 		.4byte	.LFB75
 799 031e 0C000000 		.4byte	.LFE75-.LFB75
 800 0322 01       		.uleb128 0x1
 801 0323 9C       		.byte	0x9c
 802 0324 19       		.uleb128 0x19
 803 0325 6C010000 		.4byte	.LASF41
 804 0329 05       		.byte	0x5
 805 032a 1207     		.2byte	0x712
 806 032c 30030000 		.4byte	0x330
 807 0330 08       		.uleb128 0x8
 808 0331 92000000 		.4byte	0x92
 809 0335 1A       		.uleb128 0x1a
 810 0336 5A020000 		.4byte	.LASF42
 811 033a 01       		.byte	0x1
 812 033b 25       		.byte	0x25
 813 033c 40030000 		.4byte	0x340
 814 0340 08       		.uleb128 0x8
 815 0341 F1000000 		.4byte	0xf1
 816 0345 1B       		.uleb128 0x1b
 817 0346 31000000 		.4byte	.LASF48
ARM GAS  C:\Users\z004c8dn\AppData\Local\Temp\cc4BsRZQ.s 			page 23


 818 034a 31000000 		.4byte	.LASF48
 819 034e 06       		.byte	0x6
 820 034f 75       		.byte	0x75
 821 0350 00       		.byte	0
 822              		.section	.debug_abbrev,"",%progbits
 823              	.Ldebug_abbrev0:
 824 0000 01       		.uleb128 0x1
 825 0001 11       		.uleb128 0x11
 826 0002 01       		.byte	0x1
 827 0003 25       		.uleb128 0x25
 828 0004 0E       		.uleb128 0xe
 829 0005 13       		.uleb128 0x13
 830 0006 0B       		.uleb128 0xb
 831 0007 03       		.uleb128 0x3
 832 0008 0E       		.uleb128 0xe
 833 0009 1B       		.uleb128 0x1b
 834 000a 0E       		.uleb128 0xe
 835 000b 55       		.uleb128 0x55
 836 000c 17       		.uleb128 0x17
 837 000d 11       		.uleb128 0x11
 838 000e 01       		.uleb128 0x1
 839 000f 10       		.uleb128 0x10
 840 0010 17       		.uleb128 0x17
 841 0011 00       		.byte	0
 842 0012 00       		.byte	0
 843 0013 02       		.uleb128 0x2
 844 0014 24       		.uleb128 0x24
 845 0015 00       		.byte	0
 846 0016 0B       		.uleb128 0xb
 847 0017 0B       		.uleb128 0xb
 848 0018 3E       		.uleb128 0x3e
 849 0019 0B       		.uleb128 0xb
 850 001a 03       		.uleb128 0x3
 851 001b 08       		.uleb128 0x8
 852 001c 00       		.byte	0
 853 001d 00       		.byte	0
 854 001e 03       		.uleb128 0x3
 855 001f 24       		.uleb128 0x24
 856 0020 00       		.byte	0
 857 0021 0B       		.uleb128 0xb
 858 0022 0B       		.uleb128 0xb
 859 0023 3E       		.uleb128 0x3e
 860 0024 0B       		.uleb128 0xb
 861 0025 03       		.uleb128 0x3
 862 0026 0E       		.uleb128 0xe
 863 0027 00       		.byte	0
 864 0028 00       		.byte	0
 865 0029 04       		.uleb128 0x4
 866 002a 16       		.uleb128 0x16
 867 002b 00       		.byte	0
 868 002c 03       		.uleb128 0x3
 869 002d 0E       		.uleb128 0xe
 870 002e 3A       		.uleb128 0x3a
 871 002f 0B       		.uleb128 0xb
 872 0030 3B       		.uleb128 0x3b
 873 0031 0B       		.uleb128 0xb
 874 0032 49       		.uleb128 0x49
ARM GAS  C:\Users\z004c8dn\AppData\Local\Temp\cc4BsRZQ.s 			page 24


 875 0033 13       		.uleb128 0x13
 876 0034 00       		.byte	0
 877 0035 00       		.byte	0
 878 0036 05       		.uleb128 0x5
 879 0037 0F       		.uleb128 0xf
 880 0038 00       		.byte	0
 881 0039 0B       		.uleb128 0xb
 882 003a 0B       		.uleb128 0xb
 883 003b 49       		.uleb128 0x49
 884 003c 13       		.uleb128 0x13
 885 003d 00       		.byte	0
 886 003e 00       		.byte	0
 887 003f 06       		.uleb128 0x6
 888 0040 15       		.uleb128 0x15
 889 0041 00       		.byte	0
 890 0042 27       		.uleb128 0x27
 891 0043 19       		.uleb128 0x19
 892 0044 00       		.byte	0
 893 0045 00       		.byte	0
 894 0046 07       		.uleb128 0x7
 895 0047 16       		.uleb128 0x16
 896 0048 00       		.byte	0
 897 0049 03       		.uleb128 0x3
 898 004a 0E       		.uleb128 0xe
 899 004b 3A       		.uleb128 0x3a
 900 004c 0B       		.uleb128 0xb
 901 004d 3B       		.uleb128 0x3b
 902 004e 05       		.uleb128 0x5
 903 004f 49       		.uleb128 0x49
 904 0050 13       		.uleb128 0x13
 905 0051 00       		.byte	0
 906 0052 00       		.byte	0
 907 0053 08       		.uleb128 0x8
 908 0054 35       		.uleb128 0x35
 909 0055 00       		.byte	0
 910 0056 49       		.uleb128 0x49
 911 0057 13       		.uleb128 0x13
 912 0058 00       		.byte	0
 913 0059 00       		.byte	0
 914 005a 09       		.uleb128 0x9
 915 005b 04       		.uleb128 0x4
 916 005c 01       		.byte	0x1
 917 005d 03       		.uleb128 0x3
 918 005e 0E       		.uleb128 0xe
 919 005f 0B       		.uleb128 0xb
 920 0060 0B       		.uleb128 0xb
 921 0061 49       		.uleb128 0x49
 922 0062 13       		.uleb128 0x13
 923 0063 3A       		.uleb128 0x3a
 924 0064 0B       		.uleb128 0xb
 925 0065 3B       		.uleb128 0x3b
 926 0066 0B       		.uleb128 0xb
 927 0067 01       		.uleb128 0x1
 928 0068 13       		.uleb128 0x13
 929 0069 00       		.byte	0
 930 006a 00       		.byte	0
 931 006b 0A       		.uleb128 0xa
ARM GAS  C:\Users\z004c8dn\AppData\Local\Temp\cc4BsRZQ.s 			page 25


 932 006c 28       		.uleb128 0x28
 933 006d 00       		.byte	0
 934 006e 03       		.uleb128 0x3
 935 006f 0E       		.uleb128 0xe
 936 0070 1C       		.uleb128 0x1c
 937 0071 0B       		.uleb128 0xb
 938 0072 00       		.byte	0
 939 0073 00       		.byte	0
 940 0074 0B       		.uleb128 0xb
 941 0075 2E       		.uleb128 0x2e
 942 0076 01       		.byte	0x1
 943 0077 3F       		.uleb128 0x3f
 944 0078 19       		.uleb128 0x19
 945 0079 03       		.uleb128 0x3
 946 007a 0E       		.uleb128 0xe
 947 007b 3A       		.uleb128 0x3a
 948 007c 0B       		.uleb128 0xb
 949 007d 3B       		.uleb128 0x3b
 950 007e 0B       		.uleb128 0xb
 951 007f 27       		.uleb128 0x27
 952 0080 19       		.uleb128 0x19
 953 0081 11       		.uleb128 0x11
 954 0082 01       		.uleb128 0x1
 955 0083 12       		.uleb128 0x12
 956 0084 06       		.uleb128 0x6
 957 0085 40       		.uleb128 0x40
 958 0086 18       		.uleb128 0x18
 959 0087 9742     		.uleb128 0x2117
 960 0089 19       		.uleb128 0x19
 961 008a 01       		.uleb128 0x1
 962 008b 13       		.uleb128 0x13
 963 008c 00       		.byte	0
 964 008d 00       		.byte	0
 965 008e 0C       		.uleb128 0xc
 966 008f 898201   		.uleb128 0x4109
 967 0092 00       		.byte	0
 968 0093 11       		.uleb128 0x11
 969 0094 01       		.uleb128 0x1
 970 0095 31       		.uleb128 0x31
 971 0096 13       		.uleb128 0x13
 972 0097 00       		.byte	0
 973 0098 00       		.byte	0
 974 0099 0D       		.uleb128 0xd
 975 009a 05       		.uleb128 0x5
 976 009b 00       		.byte	0
 977 009c 03       		.uleb128 0x3
 978 009d 0E       		.uleb128 0xe
 979 009e 3A       		.uleb128 0x3a
 980 009f 0B       		.uleb128 0xb
 981 00a0 3B       		.uleb128 0x3b
 982 00a1 0B       		.uleb128 0xb
 983 00a2 49       		.uleb128 0x49
 984 00a3 13       		.uleb128 0x13
 985 00a4 02       		.uleb128 0x2
 986 00a5 18       		.uleb128 0x18
 987 00a6 00       		.byte	0
 988 00a7 00       		.byte	0
ARM GAS  C:\Users\z004c8dn\AppData\Local\Temp\cc4BsRZQ.s 			page 26


 989 00a8 0E       		.uleb128 0xe
 990 00a9 34       		.uleb128 0x34
 991 00aa 00       		.byte	0
 992 00ab 03       		.uleb128 0x3
 993 00ac 0E       		.uleb128 0xe
 994 00ad 3A       		.uleb128 0x3a
 995 00ae 0B       		.uleb128 0xb
 996 00af 3B       		.uleb128 0x3b
 997 00b0 0B       		.uleb128 0xb
 998 00b1 49       		.uleb128 0x49
 999 00b2 13       		.uleb128 0x13
 1000 00b3 02       		.uleb128 0x2
 1001 00b4 18       		.uleb128 0x18
 1002 00b5 00       		.byte	0
 1003 00b6 00       		.byte	0
 1004 00b7 0F       		.uleb128 0xf
 1005 00b8 2E       		.uleb128 0x2e
 1006 00b9 01       		.byte	0x1
 1007 00ba 3F       		.uleb128 0x3f
 1008 00bb 19       		.uleb128 0x19
 1009 00bc 03       		.uleb128 0x3
 1010 00bd 0E       		.uleb128 0xe
 1011 00be 3A       		.uleb128 0x3a
 1012 00bf 0B       		.uleb128 0xb
 1013 00c0 3B       		.uleb128 0x3b
 1014 00c1 0B       		.uleb128 0xb
 1015 00c2 27       		.uleb128 0x27
 1016 00c3 19       		.uleb128 0x19
 1017 00c4 49       		.uleb128 0x49
 1018 00c5 13       		.uleb128 0x13
 1019 00c6 11       		.uleb128 0x11
 1020 00c7 01       		.uleb128 0x1
 1021 00c8 12       		.uleb128 0x12
 1022 00c9 06       		.uleb128 0x6
 1023 00ca 40       		.uleb128 0x40
 1024 00cb 18       		.uleb128 0x18
 1025 00cc 9742     		.uleb128 0x2117
 1026 00ce 19       		.uleb128 0x19
 1027 00cf 01       		.uleb128 0x1
 1028 00d0 13       		.uleb128 0x13
 1029 00d1 00       		.byte	0
 1030 00d2 00       		.byte	0
 1031 00d3 10       		.uleb128 0x10
 1032 00d4 2E       		.uleb128 0x2e
 1033 00d5 01       		.byte	0x1
 1034 00d6 3F       		.uleb128 0x3f
 1035 00d7 19       		.uleb128 0x19
 1036 00d8 03       		.uleb128 0x3
 1037 00d9 0E       		.uleb128 0xe
 1038 00da 3A       		.uleb128 0x3a
 1039 00db 0B       		.uleb128 0xb
 1040 00dc 3B       		.uleb128 0x3b
 1041 00dd 05       		.uleb128 0x5
 1042 00de 27       		.uleb128 0x27
 1043 00df 19       		.uleb128 0x19
 1044 00e0 11       		.uleb128 0x11
 1045 00e1 01       		.uleb128 0x1
ARM GAS  C:\Users\z004c8dn\AppData\Local\Temp\cc4BsRZQ.s 			page 27


 1046 00e2 12       		.uleb128 0x12
 1047 00e3 06       		.uleb128 0x6
 1048 00e4 40       		.uleb128 0x40
 1049 00e5 18       		.uleb128 0x18
 1050 00e6 9742     		.uleb128 0x2117
 1051 00e8 19       		.uleb128 0x19
 1052 00e9 01       		.uleb128 0x1
 1053 00ea 13       		.uleb128 0x13
 1054 00eb 00       		.byte	0
 1055 00ec 00       		.byte	0
 1056 00ed 11       		.uleb128 0x11
 1057 00ee 05       		.uleb128 0x5
 1058 00ef 00       		.byte	0
 1059 00f0 03       		.uleb128 0x3
 1060 00f1 0E       		.uleb128 0xe
 1061 00f2 3A       		.uleb128 0x3a
 1062 00f3 0B       		.uleb128 0xb
 1063 00f4 3B       		.uleb128 0x3b
 1064 00f5 05       		.uleb128 0x5
 1065 00f6 49       		.uleb128 0x49
 1066 00f7 13       		.uleb128 0x13
 1067 00f8 02       		.uleb128 0x2
 1068 00f9 17       		.uleb128 0x17
 1069 00fa 00       		.byte	0
 1070 00fb 00       		.byte	0
 1071 00fc 12       		.uleb128 0x12
 1072 00fd 2E       		.uleb128 0x2e
 1073 00fe 01       		.byte	0x1
 1074 00ff 3F       		.uleb128 0x3f
 1075 0100 19       		.uleb128 0x19
 1076 0101 03       		.uleb128 0x3
 1077 0102 0E       		.uleb128 0xe
 1078 0103 3A       		.uleb128 0x3a
 1079 0104 0B       		.uleb128 0xb
 1080 0105 3B       		.uleb128 0x3b
 1081 0106 05       		.uleb128 0x5
 1082 0107 27       		.uleb128 0x27
 1083 0108 19       		.uleb128 0x19
 1084 0109 49       		.uleb128 0x49
 1085 010a 13       		.uleb128 0x13
 1086 010b 11       		.uleb128 0x11
 1087 010c 01       		.uleb128 0x1
 1088 010d 12       		.uleb128 0x12
 1089 010e 06       		.uleb128 0x6
 1090 010f 40       		.uleb128 0x40
 1091 0110 18       		.uleb128 0x18
 1092 0111 9742     		.uleb128 0x2117
 1093 0113 19       		.uleb128 0x19
 1094 0114 01       		.uleb128 0x1
 1095 0115 13       		.uleb128 0x13
 1096 0116 00       		.byte	0
 1097 0117 00       		.byte	0
 1098 0118 13       		.uleb128 0x13
 1099 0119 34       		.uleb128 0x34
 1100 011a 00       		.byte	0
 1101 011b 03       		.uleb128 0x3
 1102 011c 0E       		.uleb128 0xe
ARM GAS  C:\Users\z004c8dn\AppData\Local\Temp\cc4BsRZQ.s 			page 28


 1103 011d 3A       		.uleb128 0x3a
 1104 011e 0B       		.uleb128 0xb
 1105 011f 3B       		.uleb128 0x3b
 1106 0120 05       		.uleb128 0x5
 1107 0121 49       		.uleb128 0x49
 1108 0122 13       		.uleb128 0x13
 1109 0123 02       		.uleb128 0x2
 1110 0124 17       		.uleb128 0x17
 1111 0125 00       		.byte	0
 1112 0126 00       		.byte	0
 1113 0127 14       		.uleb128 0x14
 1114 0128 2E       		.uleb128 0x2e
 1115 0129 00       		.byte	0
 1116 012a 3F       		.uleb128 0x3f
 1117 012b 19       		.uleb128 0x19
 1118 012c 03       		.uleb128 0x3
 1119 012d 0E       		.uleb128 0xe
 1120 012e 3A       		.uleb128 0x3a
 1121 012f 0B       		.uleb128 0xb
 1122 0130 3B       		.uleb128 0x3b
 1123 0131 05       		.uleb128 0x5
 1124 0132 27       		.uleb128 0x27
 1125 0133 19       		.uleb128 0x19
 1126 0134 11       		.uleb128 0x11
 1127 0135 01       		.uleb128 0x1
 1128 0136 12       		.uleb128 0x12
 1129 0137 06       		.uleb128 0x6
 1130 0138 40       		.uleb128 0x40
 1131 0139 18       		.uleb128 0x18
 1132 013a 9742     		.uleb128 0x2117
 1133 013c 19       		.uleb128 0x19
 1134 013d 00       		.byte	0
 1135 013e 00       		.byte	0
 1136 013f 15       		.uleb128 0x15
 1137 0140 2E       		.uleb128 0x2e
 1138 0141 00       		.byte	0
 1139 0142 3F       		.uleb128 0x3f
 1140 0143 19       		.uleb128 0x19
 1141 0144 03       		.uleb128 0x3
 1142 0145 0E       		.uleb128 0xe
 1143 0146 3A       		.uleb128 0x3a
 1144 0147 0B       		.uleb128 0xb
 1145 0148 3B       		.uleb128 0x3b
 1146 0149 05       		.uleb128 0x5
 1147 014a 27       		.uleb128 0x27
 1148 014b 19       		.uleb128 0x19
 1149 014c 49       		.uleb128 0x49
 1150 014d 13       		.uleb128 0x13
 1151 014e 11       		.uleb128 0x11
 1152 014f 01       		.uleb128 0x1
 1153 0150 12       		.uleb128 0x12
 1154 0151 06       		.uleb128 0x6
 1155 0152 40       		.uleb128 0x40
 1156 0153 18       		.uleb128 0x18
 1157 0154 9742     		.uleb128 0x2117
 1158 0156 19       		.uleb128 0x19
 1159 0157 00       		.byte	0
ARM GAS  C:\Users\z004c8dn\AppData\Local\Temp\cc4BsRZQ.s 			page 29


 1160 0158 00       		.byte	0
 1161 0159 16       		.uleb128 0x16
 1162 015a 898201   		.uleb128 0x4109
 1163 015d 01       		.byte	0x1
 1164 015e 11       		.uleb128 0x11
 1165 015f 01       		.uleb128 0x1
 1166 0160 31       		.uleb128 0x31
 1167 0161 13       		.uleb128 0x13
 1168 0162 01       		.uleb128 0x1
 1169 0163 13       		.uleb128 0x13
 1170 0164 00       		.byte	0
 1171 0165 00       		.byte	0
 1172 0166 17       		.uleb128 0x17
 1173 0167 8A8201   		.uleb128 0x410a
 1174 016a 00       		.byte	0
 1175 016b 02       		.uleb128 0x2
 1176 016c 18       		.uleb128 0x18
 1177 016d 9142     		.uleb128 0x2111
 1178 016f 18       		.uleb128 0x18
 1179 0170 00       		.byte	0
 1180 0171 00       		.byte	0
 1181 0172 18       		.uleb128 0x18
 1182 0173 05       		.uleb128 0x5
 1183 0174 00       		.byte	0
 1184 0175 03       		.uleb128 0x3
 1185 0176 0E       		.uleb128 0xe
 1186 0177 3A       		.uleb128 0x3a
 1187 0178 0B       		.uleb128 0xb
 1188 0179 3B       		.uleb128 0x3b
 1189 017a 0B       		.uleb128 0xb
 1190 017b 49       		.uleb128 0x49
 1191 017c 13       		.uleb128 0x13
 1192 017d 02       		.uleb128 0x2
 1193 017e 17       		.uleb128 0x17
 1194 017f 00       		.byte	0
 1195 0180 00       		.byte	0
 1196 0181 19       		.uleb128 0x19
 1197 0182 34       		.uleb128 0x34
 1198 0183 00       		.byte	0
 1199 0184 03       		.uleb128 0x3
 1200 0185 0E       		.uleb128 0xe
 1201 0186 3A       		.uleb128 0x3a
 1202 0187 0B       		.uleb128 0xb
 1203 0188 3B       		.uleb128 0x3b
 1204 0189 05       		.uleb128 0x5
 1205 018a 49       		.uleb128 0x49
 1206 018b 13       		.uleb128 0x13
 1207 018c 3F       		.uleb128 0x3f
 1208 018d 19       		.uleb128 0x19
 1209 018e 3C       		.uleb128 0x3c
 1210 018f 19       		.uleb128 0x19
 1211 0190 00       		.byte	0
 1212 0191 00       		.byte	0
 1213 0192 1A       		.uleb128 0x1a
 1214 0193 34       		.uleb128 0x34
 1215 0194 00       		.byte	0
 1216 0195 03       		.uleb128 0x3
ARM GAS  C:\Users\z004c8dn\AppData\Local\Temp\cc4BsRZQ.s 			page 30


 1217 0196 0E       		.uleb128 0xe
 1218 0197 3A       		.uleb128 0x3a
 1219 0198 0B       		.uleb128 0xb
 1220 0199 3B       		.uleb128 0x3b
 1221 019a 0B       		.uleb128 0xb
 1222 019b 49       		.uleb128 0x49
 1223 019c 13       		.uleb128 0x13
 1224 019d 3F       		.uleb128 0x3f
 1225 019e 19       		.uleb128 0x19
 1226 019f 3C       		.uleb128 0x3c
 1227 01a0 19       		.uleb128 0x19
 1228 01a1 00       		.byte	0
 1229 01a2 00       		.byte	0
 1230 01a3 1B       		.uleb128 0x1b
 1231 01a4 2E       		.uleb128 0x2e
 1232 01a5 00       		.byte	0
 1233 01a6 3F       		.uleb128 0x3f
 1234 01a7 19       		.uleb128 0x19
 1235 01a8 3C       		.uleb128 0x3c
 1236 01a9 19       		.uleb128 0x19
 1237 01aa 6E       		.uleb128 0x6e
 1238 01ab 0E       		.uleb128 0xe
 1239 01ac 03       		.uleb128 0x3
 1240 01ad 0E       		.uleb128 0xe
 1241 01ae 3A       		.uleb128 0x3a
 1242 01af 0B       		.uleb128 0xb
 1243 01b0 3B       		.uleb128 0x3b
 1244 01b1 0B       		.uleb128 0xb
 1245 01b2 00       		.byte	0
 1246 01b3 00       		.byte	0
 1247 01b4 00       		.byte	0
 1248              		.section	.debug_loc,"",%progbits
 1249              	.Ldebug_loc0:
 1250              	.LLST0:
 1251 0000 00000000 		.4byte	.LVL4
 1252 0004 02000000 		.4byte	.LVL5
 1253 0008 0100     		.2byte	0x1
 1254 000a 50       		.byte	0x50
 1255 000b 02000000 		.4byte	.LVL5
 1256 000f 10000000 		.4byte	.LFE69
 1257 0013 0400     		.2byte	0x4
 1258 0015 F3       		.byte	0xf3
 1259 0016 01       		.uleb128 0x1
 1260 0017 50       		.byte	0x50
 1261 0018 9F       		.byte	0x9f
 1262 0019 00000000 		.4byte	0
 1263 001d 00000000 		.4byte	0
 1264              	.LLST1:
 1265 0021 04000000 		.4byte	.LVL6
 1266 0025 06000000 		.4byte	.LVL7
 1267 0029 0500     		.2byte	0x5
 1268 002b 70       		.byte	0x70
 1269 002c 00       		.sleb128 0
 1270 002d 35       		.byte	0x35
 1271 002e 25       		.byte	0x25
 1272 002f 9F       		.byte	0x9f
 1273 0030 00000000 		.4byte	0
ARM GAS  C:\Users\z004c8dn\AppData\Local\Temp\cc4BsRZQ.s 			page 31


 1274 0034 00000000 		.4byte	0
 1275              	.LLST2:
 1276 0038 00000000 		.4byte	.LVL12
 1277 003c 07000000 		.4byte	.LVL13-1
 1278 0040 0100     		.2byte	0x1
 1279 0042 50       		.byte	0x50
 1280 0043 07000000 		.4byte	.LVL13-1
 1281 0047 1A000000 		.4byte	.LFE64
 1282 004b 0100     		.2byte	0x1
 1283 004d 54       		.byte	0x54
 1284 004e 00000000 		.4byte	0
 1285 0052 00000000 		.4byte	0
 1286              		.section	.debug_aranges,"",%progbits
 1287 0000 7C000000 		.4byte	0x7c
 1288 0004 0200     		.2byte	0x2
 1289 0006 00000000 		.4byte	.Ldebug_info0
 1290 000a 04       		.byte	0x4
 1291 000b 00       		.byte	0
 1292 000c 0000     		.2byte	0
 1293 000e 0000     		.2byte	0
 1294 0010 00000000 		.4byte	.LFB66
 1295 0014 2C000000 		.4byte	.LFE66-.LFB66
 1296 0018 00000000 		.4byte	.LFB67
 1297 001c 0C000000 		.4byte	.LFE67-.LFB67
 1298 0020 00000000 		.4byte	.LFB68
 1299 0024 0C000000 		.4byte	.LFE68-.LFB68
 1300 0028 00000000 		.4byte	.LFB69
 1301 002c 10000000 		.4byte	.LFE69-.LFB69
 1302 0030 00000000 		.4byte	.LFB70
 1303 0034 0C000000 		.4byte	.LFE70-.LFB70
 1304 0038 00000000 		.4byte	.LFB71
 1305 003c 0C000000 		.4byte	.LFE71-.LFB71
 1306 0040 00000000 		.4byte	.LFB72
 1307 0044 18000000 		.4byte	.LFE72-.LFB72
 1308 0048 00000000 		.4byte	.LFB73
 1309 004c 0C000000 		.4byte	.LFE73-.LFB73
 1310 0050 00000000 		.4byte	.LFB63
 1311 0054 1C000000 		.4byte	.LFE63-.LFB63
 1312 0058 00000000 		.4byte	.LFB64
 1313 005c 1A000000 		.4byte	.LFE64-.LFB64
 1314 0060 00000000 		.4byte	.LFB65
 1315 0064 14000000 		.4byte	.LFE65-.LFB65
 1316 0068 00000000 		.4byte	.LFB74
 1317 006c 0C000000 		.4byte	.LFE74-.LFB74
 1318 0070 00000000 		.4byte	.LFB75
 1319 0074 0C000000 		.4byte	.LFE75-.LFB75
 1320 0078 00000000 		.4byte	0
 1321 007c 00000000 		.4byte	0
 1322              		.section	.debug_ranges,"",%progbits
 1323              	.Ldebug_ranges0:
 1324 0000 00000000 		.4byte	.LFB66
 1325 0004 2C000000 		.4byte	.LFE66
 1326 0008 00000000 		.4byte	.LFB67
 1327 000c 0C000000 		.4byte	.LFE67
 1328 0010 00000000 		.4byte	.LFB68
 1329 0014 0C000000 		.4byte	.LFE68
 1330 0018 00000000 		.4byte	.LFB69
ARM GAS  C:\Users\z004c8dn\AppData\Local\Temp\cc4BsRZQ.s 			page 32


 1331 001c 10000000 		.4byte	.LFE69
 1332 0020 00000000 		.4byte	.LFB70
 1333 0024 0C000000 		.4byte	.LFE70
 1334 0028 00000000 		.4byte	.LFB71
 1335 002c 0C000000 		.4byte	.LFE71
 1336 0030 00000000 		.4byte	.LFB72
 1337 0034 18000000 		.4byte	.LFE72
 1338 0038 00000000 		.4byte	.LFB73
 1339 003c 0C000000 		.4byte	.LFE73
 1340 0040 00000000 		.4byte	.LFB63
 1341 0044 1C000000 		.4byte	.LFE63
 1342 0048 00000000 		.4byte	.LFB64
 1343 004c 1A000000 		.4byte	.LFE64
 1344 0050 00000000 		.4byte	.LFB65
 1345 0054 14000000 		.4byte	.LFE65
 1346 0058 00000000 		.4byte	.LFB74
 1347 005c 0C000000 		.4byte	.LFE74
 1348 0060 00000000 		.4byte	.LFB75
 1349 0064 0C000000 		.4byte	.LFE75
 1350 0068 00000000 		.4byte	0
 1351 006c 00000000 		.4byte	0
 1352              		.section	.debug_line,"",%progbits
 1353              	.Ldebug_line0:
 1354 0000 4B020000 		.section	.debug_str,"MS",%progbits,1
 1354      02005801 
 1354      00000201 
 1354      FB0E0D00 
 1354      01010101 
 1355              	.LASF1:
 1356 0000 6C6F6E67 		.ascii	"long long int\000"
 1356      206C6F6E 
 1356      6720696E 
 1356      7400
 1357              	.LASF19:
 1358 000e 72656733 		.ascii	"reg32\000"
 1358      3200
 1359              	.LASF12:
 1360 0014 5F5F696E 		.ascii	"__int32_t\000"
 1360      7433325F 
 1360      7400
 1361              	.LASF33:
 1362 001e 6973725F 		.ascii	"isr_rx_GetPriority\000"
 1362      72785F47 
 1362      65745072 
 1362      696F7269 
 1362      747900
 1363              	.LASF48:
 1364 0031 55415254 		.ascii	"UART_ClearRxBuffer\000"
 1364      5F436C65 
 1364      61725278 
 1364      42756666 
 1364      657200
 1365              	.LASF32:
 1366 0044 6973725F 		.ascii	"isr_rx_GetVector\000"
 1366      72785F47 
 1366      65745665 
 1366      63746F72 
ARM GAS  C:\Users\z004c8dn\AppData\Local\Temp\cc4BsRZQ.s 			page 33


 1366      00
 1367              	.LASF46:
 1368 0055 73657276 		.ascii	"servoPositions\000"
 1368      6F506F73 
 1368      6974696F 
 1368      6E7300
 1369              	.LASF26:
 1370 0064 6973725F 		.ascii	"isr_rx_Interrupt\000"
 1370      72785F49 
 1370      6E746572 
 1370      72757074 
 1370      00
 1371              	.LASF16:
 1372 0075 666C6F61 		.ascii	"float\000"
 1372      7400
 1373              	.LASF34:
 1374 007b 6973725F 		.ascii	"isr_rx_Enable\000"
 1374      72785F45 
 1374      6E61626C 
 1374      6500
 1375              	.LASF4:
 1376 0089 756E7369 		.ascii	"unsigned char\000"
 1376      676E6564 
 1376      20636861 
 1376      7200
 1377              	.LASF43:
 1378 0097 474E5520 		.ascii	"GNU C11 5.4.1 20160609 (release) [ARM/embedded-5-br"
 1378      43313120 
 1378      352E342E 
 1378      31203230 
 1378      31363036 
 1379 00ca 616E6368 		.ascii	"anch revision 237715] -mcpu=cortex-m3 -mthumb -g -O"
 1379      20726576 
 1379      6973696F 
 1379      6E203233 
 1379      37373135 
 1380 00fd 67202D66 		.ascii	"g -ffunction-sections -ffat-lto-objects\000"
 1380      66756E63 
 1380      74696F6E 
 1380      2D736563 
 1380      74696F6E 
 1381              	.LASF18:
 1382 0125 72656738 		.ascii	"reg8\000"
 1382      00
 1383              	.LASF8:
 1384 012a 6C6F6E67 		.ascii	"long unsigned int\000"
 1384      20756E73 
 1384      69676E65 
 1384      6420696E 
 1384      7400
 1385              	.LASF6:
 1386 013c 73686F72 		.ascii	"short unsigned int\000"
 1386      7420756E 
 1386      7369676E 
 1386      65642069 
 1386      6E7400
 1387              	.LASF24:
ARM GAS  C:\Users\z004c8dn\AppData\Local\Temp\cc4BsRZQ.s 			page 34


 1388 014f 706F7369 		.ascii	"position4\000"
 1388      74696F6E 
 1388      3400
 1389              	.LASF29:
 1390 0159 6973725F 		.ascii	"isr_rx_SetPriority\000"
 1390      72785F53 
 1390      65745072 
 1390      696F7269 
 1390      747900
 1391              	.LASF41:
 1392 016c 49544D5F 		.ascii	"ITM_RxBuffer\000"
 1392      52784275 
 1392      66666572 
 1392      00
 1393              	.LASF17:
 1394 0179 646F7562 		.ascii	"double\000"
 1394      6C6500
 1395              	.LASF44:
 1396 0180 47656E65 		.ascii	"Generated_Source\\PSoC5\\isr_rx.c\000"
 1396      72617465 
 1396      645F536F 
 1396      75726365 
 1396      5C50536F 
 1397              	.LASF38:
 1398 01a0 6973725F 		.ascii	"isr_rx_Stop\000"
 1398      72785F53 
 1398      746F7000 
 1399              	.LASF15:
 1400 01ac 75696E74 		.ascii	"uint32\000"
 1400      333200
 1401              	.LASF37:
 1402 01b3 6973725F 		.ascii	"isr_rx_StartEx\000"
 1402      72785F53 
 1402      74617274 
 1402      457800
 1403              	.LASF0:
 1404 01c2 756E7369 		.ascii	"unsigned int\000"
 1404      676E6564 
 1404      20696E74 
 1404      00
 1405              	.LASF30:
 1406 01cf 61646472 		.ascii	"address\000"
 1406      65737300 
 1407              	.LASF9:
 1408 01d7 6C6F6E67 		.ascii	"long long unsigned int\000"
 1408      206C6F6E 
 1408      6720756E 
 1408      7369676E 
 1408      65642069 
 1409              	.LASF47:
 1410 01ee 6973725F 		.ascii	"isr_rx_GetState\000"
 1410      72785F47 
 1410      65745374 
 1410      61746500 
 1411              	.LASF20:
 1412 01fe 63796973 		.ascii	"cyisraddress\000"
 1412      72616464 
ARM GAS  C:\Users\z004c8dn\AppData\Local\Temp\cc4BsRZQ.s 			page 35


 1412      72657373 
 1412      00
 1413              	.LASF39:
 1414 020b 6973725F 		.ascii	"isr_rx_SetPending\000"
 1414      72785F53 
 1414      65745065 
 1414      6E64696E 
 1414      6700
 1415              	.LASF13:
 1416 021d 696E7433 		.ascii	"int32_t\000"
 1416      325F7400 
 1417              	.LASF31:
 1418 0225 7072696F 		.ascii	"priority\000"
 1418      72697479 
 1418      00
 1419              	.LASF10:
 1420 022e 73697A65 		.ascii	"sizetype\000"
 1420      74797065 
 1420      00
 1421              	.LASF35:
 1422 0237 6973725F 		.ascii	"isr_rx_Disable\000"
 1422      72785F44 
 1422      69736162 
 1422      6C6500
 1423              	.LASF11:
 1424 0246 63686172 		.ascii	"char\000"
 1424      00
 1425              	.LASF28:
 1426 024b 72616D56 		.ascii	"ramVectorTable\000"
 1426      6563746F 
 1426      72546162 
 1426      6C6500
 1427              	.LASF42:
 1428 025a 67506F73 		.ascii	"gPositionCounter\000"
 1428      6974696F 
 1428      6E436F75 
 1428      6E746572 
 1428      00
 1429              	.LASF5:
 1430 026b 73686F72 		.ascii	"short int\000"
 1430      7420696E 
 1430      7400
 1431              	.LASF27:
 1432 0275 6973725F 		.ascii	"isr_rx_SetVector\000"
 1432      72785F53 
 1432      65745665 
 1432      63746F72 
 1432      00
 1433              	.LASF14:
 1434 0286 75696E74 		.ascii	"uint8\000"
 1434      3800
 1435              	.LASF7:
 1436 028c 6C6F6E67 		.ascii	"long int\000"
 1436      20696E74 
 1436      00
 1437              	.LASF2:
 1438 0295 6C6F6E67 		.ascii	"long double\000"
ARM GAS  C:\Users\z004c8dn\AppData\Local\Temp\cc4BsRZQ.s 			page 36


 1438      20646F75 
 1438      626C6500 
 1439              	.LASF3:
 1440 02a1 7369676E 		.ascii	"signed char\000"
 1440      65642063 
 1440      68617200 
 1441              	.LASF45:
 1442 02ad 433A5C55 		.ascii	"C:\\UserData\\z004c8dn\\OneDrive - Siemens AG\\Doku"
 1442      73657244 
 1442      6174615C 
 1442      7A303034 
 1442      6338646E 
 1443 02dc 6D656E74 		.ascii	"mente\\PSoC Creator\\AndreasBothPSoC5Servo\\Andreas"
 1443      655C5053 
 1443      6F432043 
 1443      72656174 
 1443      6F725C41 
 1444 030c 426F7468 		.ascii	"BothPSoC5Servo.cydsn\000"
 1444      50536F43 
 1444      35536572 
 1444      766F2E63 
 1444      7964736E 
 1445              	.LASF21:
 1446 0321 706F7369 		.ascii	"position1\000"
 1446      74696F6E 
 1446      3100
 1447              	.LASF22:
 1448 032b 706F7369 		.ascii	"position2\000"
 1448      74696F6E 
 1448      3200
 1449              	.LASF23:
 1450 0335 706F7369 		.ascii	"position3\000"
 1450      74696F6E 
 1450      3300
 1451              	.LASF36:
 1452 033f 6973725F 		.ascii	"isr_rx_Start\000"
 1452      72785F53 
 1452      74617274 
 1452      00
 1453              	.LASF25:
 1454 034c 706F7369 		.ascii	"position5\000"
 1454      74696F6E 
 1454      3500
 1455              	.LASF40:
 1456 0356 6973725F 		.ascii	"isr_rx_ClearPending\000"
 1456      72785F43 
 1456      6C656172 
 1456      50656E64 
 1456      696E6700 
 1457              		.ident	"GCC: (GNU Tools for ARM Embedded Processors) 5.4.1 20160609 (release) [ARM/embedded-5-bran
